<pre><font color="#8AE234"><b>kata@kata-Vostro-5471</b></font>:<font color="#729FCF"><b>~</b></font>$ journalctl -xb
-- Logs begin at Fri 2018-08-24 08:40:04 CEST, end at Thu 2019-01-31 16:10:02 CET. --
Jan 31 16:02:09 kata-Vostro-5471 kernel: microcode: microcode updated early to revision 0x96, date = 2018-05-15
Jan 31 16:02:09 kata-Vostro-5471 kernel: <b>Linux version 4.15.0-45-generic (buildd@lgw01-amd64-031) (gcc version 7.3.0 (Ubuntu 7.3.0-16ubuntu3)) #48-Ubuntu SMP Tue Jan 29 16:28:13 UTC 2019 (Ubuntu 4.15.0-45.48-generic 4.15.18)</b>
Jan 31 16:02:09 kata-Vostro-5471 kernel: Command line: BOOT_IMAGE=/boot/vmlinuz-4.15.0-45-generic root=UUID=f989ac0d-cb54-4186-b7bd-2eb0c2da1252 ro quiet splash vt.handoff=1
Jan 31 16:02:09 kata-Vostro-5471 kernel: KERNEL supported cpus:
Jan 31 16:02:09 kata-Vostro-5471 kernel:   Intel GenuineIntel
Jan 31 16:02:09 kata-Vostro-5471 kernel:   AMD AuthenticAMD
Jan 31 16:02:09 kata-Vostro-5471 kernel:   Centaur CentaurHauls
Jan 31 16:02:09 kata-Vostro-5471 kernel: x86/fpu: Supporting XSAVE feature 0x001: &apos;x87 floating point registers&apos;
Jan 31 16:02:09 kata-Vostro-5471 kernel: x86/fpu: Supporting XSAVE feature 0x002: &apos;SSE registers&apos;
Jan 31 16:02:09 kata-Vostro-5471 kernel: x86/fpu: Supporting XSAVE feature 0x004: &apos;AVX registers&apos;
Jan 31 16:02:09 kata-Vostro-5471 kernel: x86/fpu: Supporting XSAVE feature 0x008: &apos;MPX bounds registers&apos;
Jan 31 16:02:09 kata-Vostro-5471 kernel: x86/fpu: Supporting XSAVE feature 0x010: &apos;MPX CSR&apos;
Jan 31 16:02:09 kata-Vostro-5471 kernel: x86/fpu: xstate_offset[2]:  576, xstate_sizes[2]:  256
Jan 31 16:02:09 kata-Vostro-5471 kernel: x86/fpu: xstate_offset[3]:  832, xstate_sizes[3]:   64
Jan 31 16:02:09 kata-Vostro-5471 kernel: x86/fpu: xstate_offset[4]:  896, xstate_sizes[4]:   64
Jan 31 16:02:09 kata-Vostro-5471 kernel: x86/fpu: Enabled xstate features 0x1f, context size is 960 bytes, using &apos;compacted&apos; format.
Jan 31 16:02:09 kata-Vostro-5471 kernel: e820: BIOS-provided physical RAM map:
Jan 31 16:02:09 kata-Vostro-5471 kernel: BIOS-e820: [mem 0x0000000000000000-0x000000000009c3ff] usable
Jan 31 16:02:09 kata-Vostro-5471 kernel: BIOS-e820: [mem 0x000000000009c400-0x000000000009ffff] reserved
Jan 31 16:02:09 kata-Vostro-5471 kernel: BIOS-e820: [mem 0x00000000000e0000-0x00000000000fffff] reserved
Jan 31 16:02:09 kata-Vostro-5471 kernel: BIOS-e820: [mem 0x0000000000100000-0x000000008a296fff] usable
Jan 31 16:02:09 kata-Vostro-5471 kernel: BIOS-e820: [mem 0x000000008a297000-0x000000008a297fff] ACPI NVS
Jan 31 16:02:09 kata-Vostro-5471 kernel: BIOS-e820: [mem 0x000000008a298000-0x000000009a85cfff] reserved
Jan 31 16:02:09 kata-Vostro-5471 kernel: BIOS-e820: [mem 0x000000009a85d000-0x000000009a89efff] ACPI data
Jan 31 16:02:09 kata-Vostro-5471 kernel: BIOS-e820: [mem 0x000000009a89f000-0x000000009af58fff] ACPI NVS
Jan 31 16:02:09 kata-Vostro-5471 kernel: BIOS-e820: [mem 0x000000009af59000-0x000000009f7fffff] reserved
Jan 31 16:02:09 kata-Vostro-5471 kernel: BIOS-e820: [mem 0x00000000e0000000-0x00000000efffffff] reserved
Jan 31 16:02:09 kata-Vostro-5471 kernel: BIOS-e820: [mem 0x00000000fe000000-0x00000000fe010fff] reserved
Jan 31 16:02:09 kata-Vostro-5471 kernel: BIOS-e820: [mem 0x00000000fec00000-0x00000000fec00fff] reserved
Jan 31 16:02:09 kata-Vostro-5471 kernel: BIOS-e820: [mem 0x00000000fee00000-0x00000000fee00fff] reserved
Jan 31 16:02:09 kata-Vostro-5471 kernel: BIOS-e820: [mem 0x00000000ff000000-0x00000000ffffffff] reserved
Jan 31 16:02:09 kata-Vostro-5471 kernel: BIOS-e820: [mem 0x0000000100000000-0x000000025f7fffff] usable
Jan 31 16:02:09 kata-Vostro-5471 kernel: NX (Execute Disable) protection: active
Jan 31 16:02:09 kata-Vostro-5471 kernel: SMBIOS 3.0.0 present.
Jan 31 16:02:09 kata-Vostro-5471 kernel: DMI: Dell Inc. Vostro 5471/0NTVF5, BIOS 1.5.0 02/01/2018
Jan 31 16:02:09 kata-Vostro-5471 kernel: e820: update [mem 0x00000000-0x00000fff] usable ==&gt; reserved
Jan 31 16:02:09 kata-Vostro-5471 kernel: e820: remove [mem 0x000a0000-0x000fffff] usable
Jan 31 16:02:09 kata-Vostro-5471 kernel: e820: last_pfn = 0x25f800 max_arch_pfn = 0x400000000
Jan 31 16:02:09 kata-Vostro-5471 kernel: MTRR default type: write-back
Jan 31 16:02:09 kata-Vostro-5471 kernel: MTRR fixed ranges enabled:
Jan 31 16:02:09 kata-Vostro-5471 kernel:   00000-9FFFF write-back
Jan 31 16:02:09 kata-Vostro-5471 kernel:   A0000-BFFFF uncachable
Jan 31 16:02:09 kata-Vostro-5471 kernel:   C0000-FFFFF write-protect
Jan 31 16:02:09 kata-Vostro-5471 kernel: MTRR variable ranges enabled:
Jan 31 16:02:09 kata-Vostro-5471 kernel:   0 base 00C0000000 mask 7FC0000000 uncachable
Jan 31 16:02:09 kata-Vostro-5471 kernel:   1 base 00A0000000 mask 7FE0000000 uncachable
Jan 31 16:02:09 kata-Vostro-5471 kernel:   2 base 009E000000 mask 7FFE000000 uncachable
Jan 31 16:02:09 kata-Vostro-5471 kernel:   3 base 009D000000 mask 7FFF000000 uncachable
Jan 31 16:02:09 kata-Vostro-5471 kernel:   4 disabled
Jan 31 16:02:09 kata-Vostro-5471 kernel:   5 disabled
Jan 31 16:02:09 kata-Vostro-5471 kernel:   6 disabled
Jan 31 16:02:09 kata-Vostro-5471 kernel:   7 disabled
Jan 31 16:02:09 kata-Vostro-5471 kernel:   8 disabled
Jan 31 16:02:09 kata-Vostro-5471 kernel:   9 disabled
Jan 31 16:02:09 kata-Vostro-5471 kernel: x86/PAT: Configuration [0-7]: WB  WC  UC- UC  WB  WP  UC- WT  
Jan 31 16:02:09 kata-Vostro-5471 kernel: e820: last_pfn = 0x8a297 max_arch_pfn = 0x400000000
Jan 31 16:02:09 kata-Vostro-5471 kernel: found SMP MP-table at [mem 0x000fcfa0-0x000fcfaf] mapped at [        (ptrval)]
Jan 31 16:02:09 kata-Vostro-5471 kernel: Scanning 1 areas for low memory corruption
Jan 31 16:02:09 kata-Vostro-5471 kernel: Base memory trampoline at [        (ptrval)] 96000 size 24576
Jan 31 16:02:09 kata-Vostro-5471 kernel: Using GB pages for direct mapping
Jan 31 16:02:09 kata-Vostro-5471 kernel: BRK [0x16233f000, 0x16233ffff] PGTABLE
Jan 31 16:02:09 kata-Vostro-5471 kernel: BRK [0x162340000, 0x162340fff] PGTABLE
Jan 31 16:02:09 kata-Vostro-5471 kernel: BRK [0x162341000, 0x162341fff] PGTABLE
Jan 31 16:02:09 kata-Vostro-5471 kernel: BRK [0x162342000, 0x162342fff] PGTABLE
Jan 31 16:02:09 kata-Vostro-5471 kernel: BRK [0x162343000, 0x162343fff] PGTABLE
Jan 31 16:02:09 kata-Vostro-5471 kernel: BRK [0x162344000, 0x162344fff] PGTABLE
Jan 31 16:02:09 kata-Vostro-5471 kernel: BRK [0x162345000, 0x162345fff] PGTABLE
Jan 31 16:02:09 kata-Vostro-5471 kernel: RAMDISK: [mem 0x30e61000-0x34727fff]
Jan 31 16:02:09 kata-Vostro-5471 kernel: ACPI: Early table checksum verification disabled
Jan 31 16:02:09 kata-Vostro-5471 kernel: ACPI: RSDP 0x00000000000EC600 000024 (v02 DELL  )
Jan 31 16:02:09 kata-Vostro-5471 kernel: ACPI: XSDT 0x000000009A86A0C0 000104 (v01 DELL   CBX3     01072009 AMI  00010013)
Jan 31 16:02:09 kata-Vostro-5471 kernel: ACPI: FACP 0x000000009A88F780 00010C (v05 DELL   CBX3     01072009 AMI  00010013)
Jan 31 16:02:09 kata-Vostro-5471 kernel: ACPI: DSDT 0x000000009A86A258 025528 (v02 DELL   CBX3     01072009 INTL 20160422)
Jan 31 16:02:09 kata-Vostro-5471 kernel: ACPI: FACS 0x000000009AF57180 000040
Jan 31 16:02:09 kata-Vostro-5471 kernel: ACPI: APIC 0x000000009A88F890 0000BC (v03 DELL   CBX3     01072009 AMI  00010013)
Jan 31 16:02:09 kata-Vostro-5471 kernel: ACPI: FPDT 0x000000009A88F950 000044 (v01 DELL   CBX3     01072009 AMI  00010013)
Jan 31 16:02:09 kata-Vostro-5471 kernel: ACPI: FIDT 0x000000009A88F998 0000AC (v01 DELL   CBX3     01072009 AMI  00010013)
Jan 31 16:02:09 kata-Vostro-5471 kernel: ACPI: MCFG 0x000000009A88FA48 00003C (v01 DELL   CBX3     01072009 MSFT 00000097)
Jan 31 16:02:09 kata-Vostro-5471 kernel: ACPI: HPET 0x000000009A88FA88 000038 (v01 DELL   CBX3     01072009 AMI. 0005000B)
Jan 31 16:02:09 kata-Vostro-5471 kernel: ACPI: SSDT 0x000000009A88FAC0 0004B8 (v01 SataRe SataTabl 00001000 INTL 20160422)
Jan 31 16:02:09 kata-Vostro-5471 kernel: ACPI: BOOT 0x000000009A88FF78 000028 (v01 DELL   CBX3     01072009 AMI  00010013)
Jan 31 16:02:09 kata-Vostro-5471 kernel: ACPI: SSDT 0x000000009A88FFA0 0012DE (v02 SaSsdt SaSsdt   00003000 INTL 20160422)
Jan 31 16:02:09 kata-Vostro-5471 kernel: ACPI: HPET 0x000000009A891280 000038 (v01 INTEL  KBL-ULT  00000001 MSFT 0000005F)
Jan 31 16:02:09 kata-Vostro-5471 kernel: ACPI: SSDT 0x000000009A8912B8 000757 (v02 INTEL  xh_OEMBD 00000000 INTL 20160422)
Jan 31 16:02:09 kata-Vostro-5471 kernel: ACPI: UEFI 0x000000009A891A10 000042 (v01                 00000000      00000000)
Jan 31 16:02:09 kata-Vostro-5471 kernel: ACPI: SSDT 0x000000009A891A58 0017AE (v02 CpuRef CpuSsdt  00003000 INTL 20160422)
Jan 31 16:02:09 kata-Vostro-5471 kernel: ACPI: LPIT 0x000000009A893208 000094 (v01 INTEL  KBL-ULT  00000000 MSFT 0000005F)
Jan 31 16:02:09 kata-Vostro-5471 kernel: ACPI: WSMT 0x000000009A8932A0 000028 (v01 DELL   CBX3     00000000 MSFT 0000005F)
Jan 31 16:02:09 kata-Vostro-5471 kernel: ACPI: SSDT 0x000000009A8932C8 000141 (v02 INTEL  HdaDsp   00000000 INTL 20160422)
Jan 31 16:02:09 kata-Vostro-5471 kernel: ACPI: SSDT 0x000000009A893410 003002 (v02 INTEL  PtidDevc 00001000 INTL 20160422)
Jan 31 16:02:09 kata-Vostro-5471 kernel: ACPI: DBGP 0x000000009A896418 000034 (v01 INTEL           00000002 MSFT 0000005F)
Jan 31 16:02:09 kata-Vostro-5471 kernel: ACPI: DBG2 0x000000009A896450 000054 (v00 INTEL           00000002 MSFT 0000005F)
Jan 31 16:02:09 kata-Vostro-5471 kernel: ACPI: SSDT 0x000000009A8964A8 0007DF (v02 INTEL  UsbCTabl 00001000 INTL 20160422)
Jan 31 16:02:09 kata-Vostro-5471 kernel: ACPI: SSDT 0x000000009A896C88 004BDC (v02 DptfTa DptfTabl 00001000 INTL 20160422)
Jan 31 16:02:09 kata-Vostro-5471 kernel: ACPI: SLIC 0x000000009A89B868 000176 (v03 DELL   CBX3     01072009 MSFT 00010013)
Jan 31 16:02:09 kata-Vostro-5471 kernel: ACPI: SSDT 0x000000009A89B9E0 0006C5 (v02 SgRef  SgPch    00001000 INTL 20160422)
Jan 31 16:02:09 kata-Vostro-5471 kernel: ACPI: SSDT 0x000000009A89C0A8 000281 (v02 SgRef  SgUlx    00001000 INTL 20160422)
Jan 31 16:02:09 kata-Vostro-5471 kernel: ACPI: TPM2 0x000000009A89C330 000034 (v03 DELL   CBX3     00000001 AMI  00000000)
Jan 31 16:02:09 kata-Vostro-5471 kernel: ACPI: SSDT 0x000000009A89C368 000F88 (v01 AmdRef AmdTabl  00001000 INTL 20160422)
Jan 31 16:02:09 kata-Vostro-5471 kernel: ACPI: ASF! 0x000000009A89D2F0 0000A0 (v32 INTEL   HCG     00000001 TFSM 000F4240)
Jan 31 16:02:09 kata-Vostro-5471 kernel: ACPI: DMAR 0x000000009A89D390 0000EC (v01 INTEL  KBL      00000001 INTL 00000001)
Jan 31 16:02:09 kata-Vostro-5471 kernel: ACPI: Local APIC address 0xfee00000
Jan 31 16:02:09 kata-Vostro-5471 kernel: No NUMA configuration found
Jan 31 16:02:09 kata-Vostro-5471 kernel: Faking a node at [mem 0x0000000000000000-0x000000025f7fffff]
Jan 31 16:02:09 kata-Vostro-5471 kernel: NODE_DATA(0) allocated [mem 0x25f7d5000-0x25f7fffff]
Jan 31 16:02:09 kata-Vostro-5471 kernel: Zone ranges:
Jan 31 16:02:09 kata-Vostro-5471 kernel:   DMA      [mem 0x0000000000001000-0x0000000000ffffff]
Jan 31 16:02:09 kata-Vostro-5471 kernel:   DMA32    [mem 0x0000000001000000-0x00000000ffffffff]
Jan 31 16:02:09 kata-Vostro-5471 kernel:   Normal   [mem 0x0000000100000000-0x000000025f7fffff]
Jan 31 16:02:09 kata-Vostro-5471 kernel:   Device   empty
Jan 31 16:02:09 kata-Vostro-5471 kernel: Movable zone start for each node
Jan 31 16:02:09 kata-Vostro-5471 kernel: Early memory node ranges
Jan 31 16:02:09 kata-Vostro-5471 kernel:   node   0: [mem 0x0000000000001000-0x000000000009bfff]
Jan 31 16:02:09 kata-Vostro-5471 kernel:   node   0: [mem 0x0000000000100000-0x000000008a296fff]
Jan 31 16:02:09 kata-Vostro-5471 kernel:   node   0: [mem 0x0000000100000000-0x000000025f7fffff]
Jan 31 16:02:09 kata-Vostro-5471 kernel: Reserved but unavailable: 24014 pages
Jan 31 16:02:09 kata-Vostro-5471 kernel: Initmem setup node 0 [mem 0x0000000000001000-0x000000025f7fffff]
Jan 31 16:02:09 kata-Vostro-5471 kernel: On node 0 totalpages: 2005554
Jan 31 16:02:09 kata-Vostro-5471 kernel:   DMA zone: 64 pages used for memmap
Jan 31 16:02:09 kata-Vostro-5471 kernel:   DMA zone: 21 pages reserved
Jan 31 16:02:09 kata-Vostro-5471 kernel:   DMA zone: 3995 pages, LIFO batch:0
Jan 31 16:02:09 kata-Vostro-5471 kernel:   DMA32 zone: 8779 pages used for memmap
Jan 31 16:02:09 kata-Vostro-5471 kernel:   DMA32 zone: 561815 pages, LIFO batch:31
Jan 31 16:02:09 kata-Vostro-5471 kernel:   Normal zone: 22496 pages used for memmap
Jan 31 16:02:09 kata-Vostro-5471 kernel:   Normal zone: 1439744 pages, LIFO batch:31
Jan 31 16:02:09 kata-Vostro-5471 kernel: Reserving Intel graphics memory at 0x000000009d800000-0x000000009f7fffff
Jan 31 16:02:09 kata-Vostro-5471 kernel: ACPI: PM-Timer IO Port: 0x1808
Jan 31 16:02:09 kata-Vostro-5471 kernel: ACPI: Local APIC address 0xfee00000
Jan 31 16:02:09 kata-Vostro-5471 kernel: ACPI: LAPIC_NMI (acpi_id[0x01] high edge lint[0x1])
Jan 31 16:02:09 kata-Vostro-5471 kernel: ACPI: LAPIC_NMI (acpi_id[0x02] high edge lint[0x1])
Jan 31 16:02:09 kata-Vostro-5471 kernel: ACPI: LAPIC_NMI (acpi_id[0x03] high edge lint[0x1])
Jan 31 16:02:09 kata-Vostro-5471 kernel: ACPI: LAPIC_NMI (acpi_id[0x04] high edge lint[0x1])
Jan 31 16:02:09 kata-Vostro-5471 kernel: ACPI: LAPIC_NMI (acpi_id[0x05] high edge lint[0x1])
Jan 31 16:02:09 kata-Vostro-5471 kernel: ACPI: LAPIC_NMI (acpi_id[0x06] high edge lint[0x1])
Jan 31 16:02:09 kata-Vostro-5471 kernel: ACPI: LAPIC_NMI (acpi_id[0x07] high edge lint[0x1])
Jan 31 16:02:09 kata-Vostro-5471 kernel: ACPI: LAPIC_NMI (acpi_id[0x08] high edge lint[0x1])
Jan 31 16:02:09 kata-Vostro-5471 kernel: IOAPIC[0]: apic_id 2, version 32, address 0xfec00000, GSI 0-119
Jan 31 16:02:09 kata-Vostro-5471 kernel: ACPI: INT_SRC_OVR (bus 0 bus_irq 0 global_irq 2 dfl dfl)
Jan 31 16:02:09 kata-Vostro-5471 kernel: ACPI: INT_SRC_OVR (bus 0 bus_irq 9 global_irq 9 high level)
Jan 31 16:02:09 kata-Vostro-5471 kernel: ACPI: IRQ0 used by override.
Jan 31 16:02:09 kata-Vostro-5471 kernel: ACPI: IRQ9 used by override.
Jan 31 16:02:09 kata-Vostro-5471 kernel: Using ACPI (MADT) for SMP configuration information
Jan 31 16:02:09 kata-Vostro-5471 kernel: ACPI: HPET id: 0x8086a701 base: 0xfed00000
Jan 31 16:02:09 kata-Vostro-5471 kernel: smpboot: Allowing 8 CPUs, 0 hotplug CPUs
Jan 31 16:02:09 kata-Vostro-5471 kernel: PM: Registered nosave memory: [mem 0x00000000-0x00000fff]
Jan 31 16:02:09 kata-Vostro-5471 kernel: PM: Registered nosave memory: [mem 0x0009c000-0x0009cfff]
Jan 31 16:02:09 kata-Vostro-5471 kernel: PM: Registered nosave memory: [mem 0x0009d000-0x0009ffff]
Jan 31 16:02:09 kata-Vostro-5471 kernel: PM: Registered nosave memory: [mem 0x000a0000-0x000dffff]
Jan 31 16:02:09 kata-Vostro-5471 kernel: PM: Registered nosave memory: [mem 0x000e0000-0x000fffff]
Jan 31 16:02:09 kata-Vostro-5471 kernel: PM: Registered nosave memory: [mem 0x8a297000-0x8a297fff]
Jan 31 16:02:09 kata-Vostro-5471 kernel: PM: Registered nosave memory: [mem 0x8a298000-0x9a85cfff]
Jan 31 16:02:09 kata-Vostro-5471 kernel: PM: Registered nosave memory: [mem 0x9a85d000-0x9a89efff]
Jan 31 16:02:09 kata-Vostro-5471 kernel: PM: Registered nosave memory: [mem 0x9a89f000-0x9af58fff]
Jan 31 16:02:09 kata-Vostro-5471 kernel: PM: Registered nosave memory: [mem 0x9af59000-0x9f7fffff]
Jan 31 16:02:09 kata-Vostro-5471 kernel: PM: Registered nosave memory: [mem 0x9f800000-0xdfffffff]
Jan 31 16:02:09 kata-Vostro-5471 kernel: PM: Registered nosave memory: [mem 0xe0000000-0xefffffff]
Jan 31 16:02:09 kata-Vostro-5471 kernel: PM: Registered nosave memory: [mem 0xf0000000-0xfdffffff]
Jan 31 16:02:09 kata-Vostro-5471 kernel: PM: Registered nosave memory: [mem 0xfe000000-0xfe010fff]
Jan 31 16:02:09 kata-Vostro-5471 kernel: PM: Registered nosave memory: [mem 0xfe011000-0xfebfffff]
Jan 31 16:02:09 kata-Vostro-5471 kernel: PM: Registered nosave memory: [mem 0xfec00000-0xfec00fff]
Jan 31 16:02:09 kata-Vostro-5471 kernel: PM: Registered nosave memory: [mem 0xfec01000-0xfedfffff]
Jan 31 16:02:09 kata-Vostro-5471 kernel: PM: Registered nosave memory: [mem 0xfee00000-0xfee00fff]
Jan 31 16:02:09 kata-Vostro-5471 kernel: PM: Registered nosave memory: [mem 0xfee01000-0xfeffffff]
Jan 31 16:02:09 kata-Vostro-5471 kernel: PM: Registered nosave memory: [mem 0xff000000-0xffffffff]
Jan 31 16:02:09 kata-Vostro-5471 kernel: e820: [mem 0x9f800000-0xdfffffff] available for PCI devices
Jan 31 16:02:09 kata-Vostro-5471 kernel: Booting paravirtualized kernel on bare hardware
Jan 31 16:02:09 kata-Vostro-5471 kernel: clocksource: refined-jiffies: mask: 0xffffffff max_cycles: 0xffffffff, max_idle_ns: 7645519600211568 ns
Jan 31 16:02:09 kata-Vostro-5471 kernel: <b>random: get_random_bytes called from start_kernel+0x99/0x4fd with crng_init=0</b>
Jan 31 16:02:09 kata-Vostro-5471 kernel: setup_percpu: NR_CPUS:8192 nr_cpumask_bits:8 nr_cpu_ids:8 nr_node_ids:1
Jan 31 16:02:09 kata-Vostro-5471 kernel: percpu: Embedded 46 pages/cpu @        (ptrval) s151552 r8192 d28672 u262144
Jan 31 16:02:09 kata-Vostro-5471 kernel: pcpu-alloc: s151552 r8192 d28672 u262144 alloc=1*2097152
Jan 31 16:02:09 kata-Vostro-5471 kernel: pcpu-alloc: [0] 0 1 2 3 4 5 6 7 
Jan 31 16:02:09 kata-Vostro-5471 kernel: Built 1 zonelists, mobility grouping on.  Total pages: 1974194
Jan 31 16:02:09 kata-Vostro-5471 kernel: Policy zone: Normal
Jan 31 16:02:09 kata-Vostro-5471 kernel: <b>Kernel command line: BOOT_IMAGE=/boot/vmlinuz-4.15.0-45-generic root=UUID=f989ac0d-cb54-4186-b7bd-2eb0c2da1252 ro quiet splash vt.handoff=1</b>
Jan 31 16:02:09 kata-Vostro-5471 kernel: Calgary: detecting Calgary via BIOS EBDA area
Jan 31 16:02:09 kata-Vostro-5471 kernel: Calgary: Unable to locate Rio Grande table in EBDA - bailing!
Jan 31 16:02:09 kata-Vostro-5471 kernel: Memory: 7741412K/8022216K available (12300K kernel code, 2473K rwdata, 4252K rodata, 2408K init, 2416K bss, 280804K reserved, 0K cma-reserved)
Jan 31 16:02:09 kata-Vostro-5471 kernel: SLUB: HWalign=64, Order=0-3, MinObjects=0, CPUs=8, Nodes=1
Jan 31 16:02:09 kata-Vostro-5471 kernel: Kernel/User page tables isolation: enabled
Jan 31 16:02:09 kata-Vostro-5471 kernel: ftrace: allocating 39194 entries in 154 pages
Jan 31 16:02:09 kata-Vostro-5471 kernel: Hierarchical RCU implementation.
Jan 31 16:02:09 kata-Vostro-5471 kernel:         RCU restricting CPUs from NR_CPUS=8192 to nr_cpu_ids=8.
Jan 31 16:02:09 kata-Vostro-5471 kernel:         Tasks RCU enabled.
Jan 31 16:02:09 kata-Vostro-5471 kernel: RCU: Adjusting geometry for rcu_fanout_leaf=16, nr_cpu_ids=8
Jan 31 16:02:09 kata-Vostro-5471 kernel: NR_IRQS: 524544, nr_irqs: 2048, preallocated irqs: 16
Jan 31 16:02:09 kata-Vostro-5471 kernel: spurious 8259A interrupt: IRQ7.
Jan 31 16:02:09 kata-Vostro-5471 kernel: vt handoff: transparent VT on vt#1
Jan 31 16:02:09 kata-Vostro-5471 kernel: Console: colour dummy device 80x25
Jan 31 16:02:09 kata-Vostro-5471 kernel: console [tty0] enabled
Jan 31 16:02:09 kata-Vostro-5471 kernel: ACPI: Core revision 20170831
Jan 31 16:02:09 kata-Vostro-5471 kernel: ACPI: 12 ACPI AML tables successfully acquired and loaded
Jan 31 16:02:09 kata-Vostro-5471 kernel: clocksource: hpet: mask: 0xffffffff max_cycles: 0xffffffff, max_idle_ns: 79635855245 ns
Jan 31 16:02:09 kata-Vostro-5471 kernel: hpet clockevent registered
Jan 31 16:02:09 kata-Vostro-5471 kernel: APIC: Switch to symmetric I/O mode setup
Jan 31 16:02:09 kata-Vostro-5471 kernel: DMAR: Host address width 39
Jan 31 16:02:09 kata-Vostro-5471 kernel: DMAR: DRHD base: 0x000000fed90000 flags: 0x0
Jan 31 16:02:09 kata-Vostro-5471 kernel: DMAR: dmar0: reg_base_addr fed90000 ver 1:0 cap 1c0000c40660462 ecap 19e2ff0505e
Jan 31 16:02:09 kata-Vostro-5471 kernel: DMAR: DRHD base: 0x000000fed91000 flags: 0x1
Jan 31 16:02:09 kata-Vostro-5471 kernel: DMAR: dmar1: reg_base_addr fed91000 ver 1:0 cap d2008c40660462 ecap f050da
Jan 31 16:02:09 kata-Vostro-5471 kernel: DMAR: RMRR base: 0x0000009a588000 end: 0x0000009a5a7fff
Jan 31 16:02:09 kata-Vostro-5471 kernel: DMAR: RMRR base: 0x0000009b08e000 end: 0x0000009b2d7fff
Jan 31 16:02:09 kata-Vostro-5471 kernel: DMAR: RMRR base: 0x0000009d000000 end: 0x0000009f7fffff
Jan 31 16:02:09 kata-Vostro-5471 kernel: DMAR: ANDD device: 1 name: \_SB.PCI0.I2C0
Jan 31 16:02:09 kata-Vostro-5471 kernel: DMAR-IR: IOAPIC id 2 under DRHD base  0xfed91000 IOMMU 1
Jan 31 16:02:09 kata-Vostro-5471 kernel: DMAR-IR: HPET id 0 under DRHD base 0xfed91000
Jan 31 16:02:09 kata-Vostro-5471 kernel: DMAR-IR: Queued invalidation will be enabled to support x2apic and Intr-remapping.
Jan 31 16:02:09 kata-Vostro-5471 kernel: DMAR-IR: Enabled IRQ remapping in x2apic mode
Jan 31 16:02:09 kata-Vostro-5471 kernel: x2apic enabled
Jan 31 16:02:09 kata-Vostro-5471 kernel: Switched APIC routing to cluster x2apic.
Jan 31 16:02:09 kata-Vostro-5471 kernel: ..TIMER: vector=0x30 apic1=0 pin1=2 apic2=-1 pin2=-1
Jan 31 16:02:09 kata-Vostro-5471 kernel: tsc: Detected 1800.000 MHz processor
Jan 31 16:02:09 kata-Vostro-5471 kernel: Calibrating delay loop (skipped), value calculated using timer frequency.. 3600.00 BogoMIPS (lpj=7200000)
Jan 31 16:02:09 kata-Vostro-5471 kernel: pid_max: default: 32768 minimum: 301
Jan 31 16:02:09 kata-Vostro-5471 kernel: Security Framework initialized
Jan 31 16:02:09 kata-Vostro-5471 kernel: Yama: becoming mindful.
Jan 31 16:02:09 kata-Vostro-5471 kernel: AppArmor: AppArmor initialized
Jan 31 16:02:09 kata-Vostro-5471 kernel: Dentry cache hash table entries: 1048576 (order: 11, 8388608 bytes)
Jan 31 16:02:09 kata-Vostro-5471 kernel: Inode-cache hash table entries: 524288 (order: 10, 4194304 bytes)
Jan 31 16:02:09 kata-Vostro-5471 kernel: Mount-cache hash table entries: 16384 (order: 5, 131072 bytes)
Jan 31 16:02:09 kata-Vostro-5471 kernel: Mountpoint-cache hash table entries: 16384 (order: 5, 131072 bytes)
Jan 31 16:02:09 kata-Vostro-5471 kernel: <b>ENERGY_PERF_BIAS: Set to &apos;normal&apos;, was &apos;performance&apos;</b>
Jan 31 16:02:09 kata-Vostro-5471 kernel: <b>ENERGY_PERF_BIAS: View and update with x86_energy_perf_policy(8)</b>
Jan 31 16:02:09 kata-Vostro-5471 kernel: mce: CPU supports 10 MCE banks
Jan 31 16:02:09 kata-Vostro-5471 kernel: CPU0: Thermal monitoring enabled (TM1)
Jan 31 16:02:09 kata-Vostro-5471 kernel: process: using mwait in idle threads
Jan 31 16:02:09 kata-Vostro-5471 kernel: Last level iTLB entries: 4KB 64, 2MB 8, 4MB 8
Jan 31 16:02:09 kata-Vostro-5471 kernel: Last level dTLB entries: 4KB 64, 2MB 0, 4MB 0, 1GB 4
Jan 31 16:02:09 kata-Vostro-5471 kernel: Spectre V2 : Mitigation: Full generic retpoline
Jan 31 16:02:09 kata-Vostro-5471 kernel: Spectre V2 : Spectre v2 / SpectreRSB mitigation: Filling RSB on context switch
Jan 31 16:02:09 kata-Vostro-5471 kernel: Spectre V2 : Spectre v2 mitigation: Enabling Indirect Branch Prediction Barrier
Jan 31 16:02:09 kata-Vostro-5471 kernel: Spectre V2 : Enabling Restricted Speculation for firmware calls
Jan 31 16:02:09 kata-Vostro-5471 kernel: Speculative Store Bypass: Mitigation: Speculative Store Bypass disabled via prctl and seccomp
Jan 31 16:02:09 kata-Vostro-5471 kernel: Freeing SMP alternatives memory: 36K
Jan 31 16:02:09 kata-Vostro-5471 kernel: TSC deadline timer enabled
Jan 31 16:02:09 kata-Vostro-5471 kernel: smpboot: CPU0: Intel(R) Core(TM) i5-8250U CPU @ 1.60GHz (family: 0x6, model: 0x8e, stepping: 0xa)
Jan 31 16:02:09 kata-Vostro-5471 kernel: Performance Events: PEBS fmt3+, Skylake events, 32-deep LBR, full-width counters, Intel PMU driver.
Jan 31 16:02:09 kata-Vostro-5471 kernel: ... version:                4
Jan 31 16:02:09 kata-Vostro-5471 kernel: ... bit width:              48
Jan 31 16:02:09 kata-Vostro-5471 kernel: ... generic registers:      4
Jan 31 16:02:09 kata-Vostro-5471 kernel: ... value mask:             0000ffffffffffff
Jan 31 16:02:09 kata-Vostro-5471 kernel: ... max period:             00007fffffffffff
Jan 31 16:02:09 kata-Vostro-5471 kernel: ... fixed-purpose events:   3
Jan 31 16:02:09 kata-Vostro-5471 kernel: ... event mask:             000000070000000f
Jan 31 16:02:09 kata-Vostro-5471 kernel: Hierarchical SRCU implementation.
Jan 31 16:02:09 kata-Vostro-5471 kernel: NMI watchdog: Enabled. Permanently consumes one hw-PMU counter.
Jan 31 16:02:09 kata-Vostro-5471 kernel: smp: Bringing up secondary CPUs ...
Jan 31 16:02:09 kata-Vostro-5471 kernel: x86: Booting SMP configuration:
Jan 31 16:02:09 kata-Vostro-5471 kernel: .... node  #0, CPUs:      #1 #2 #3 #4 #5 #6 #7
Jan 31 16:02:09 kata-Vostro-5471 kernel: smp: Brought up 1 node, 8 CPUs
Jan 31 16:02:09 kata-Vostro-5471 kernel: smpboot: Max logical packages: 1
Jan 31 16:02:09 kata-Vostro-5471 kernel: smpboot: Total of 8 processors activated (28800.00 BogoMIPS)
Jan 31 16:02:09 kata-Vostro-5471 kernel: devtmpfs: initialized
Jan 31 16:02:09 kata-Vostro-5471 kernel: x86/mm: Memory block size: 128MB
Jan 31 16:02:09 kata-Vostro-5471 kernel: evm: security.selinux
Jan 31 16:02:09 kata-Vostro-5471 kernel: evm: security.SMACK64
Jan 31 16:02:09 kata-Vostro-5471 kernel: evm: security.SMACK64EXEC
Jan 31 16:02:09 kata-Vostro-5471 kernel: evm: security.SMACK64TRANSMUTE
Jan 31 16:02:09 kata-Vostro-5471 kernel: evm: security.SMACK64MMAP
Jan 31 16:02:09 kata-Vostro-5471 kernel: evm: security.apparmor
Jan 31 16:02:09 kata-Vostro-5471 kernel: evm: security.ima
Jan 31 16:02:09 kata-Vostro-5471 kernel: evm: security.capability
Jan 31 16:02:09 kata-Vostro-5471 kernel: PM: Registering ACPI NVS region [mem 0x8a297000-0x8a297fff] (4096 bytes)
Jan 31 16:02:09 kata-Vostro-5471 kernel: PM: Registering ACPI NVS region [mem 0x9a89f000-0x9af58fff] (7053312 bytes)
Jan 31 16:02:09 kata-Vostro-5471 kernel: clocksource: jiffies: mask: 0xffffffff max_cycles: 0xffffffff, max_idle_ns: 7645041785100000 ns
Jan 31 16:02:09 kata-Vostro-5471 kernel: futex hash table entries: 2048 (order: 5, 131072 bytes)
Jan 31 16:02:09 kata-Vostro-5471 kernel: pinctrl core: initialized pinctrl subsystem
Jan 31 16:02:09 kata-Vostro-5471 kernel: RTC time: 15:01:33, date: 01/31/19
Jan 31 16:02:09 kata-Vostro-5471 kernel: NET: Registered protocol family 16
Jan 31 16:02:09 kata-Vostro-5471 kernel: audit: initializing netlink subsys (disabled)
Jan 31 16:02:09 kata-Vostro-5471 kernel: <b>audit: type=2000 audit(1548946892.056:1): state=initialized audit_enabled=0 res=1</b>
Jan 31 16:02:09 kata-Vostro-5471 kernel: cpuidle: using governor ladder
Jan 31 16:02:09 kata-Vostro-5471 kernel: cpuidle: using governor menu
Jan 31 16:02:09 kata-Vostro-5471 kernel: Simple Boot Flag at 0x47 set to 0x80
Jan 31 16:02:09 kata-Vostro-5471 kernel: ACPI FADT declares the system doesn&apos;t support PCIe ASPM, so disable it
Jan 31 16:02:09 kata-Vostro-5471 kernel: ACPI: bus type PCI registered
Jan 31 16:02:09 kata-Vostro-5471 kernel: acpiphp: ACPI Hot Plug PCI Controller Driver version: 0.5
Jan 31 16:02:09 kata-Vostro-5471 kernel: PCI: MMCONFIG for domain 0000 [bus 00-ff] at [mem 0xe0000000-0xefffffff] (base 0xe0000000)
Jan 31 16:02:09 kata-Vostro-5471 kernel: PCI: MMCONFIG at [mem 0xe0000000-0xefffffff] reserved in E820
Jan 31 16:02:09 kata-Vostro-5471 kernel: PCI: Using configuration type 1 for base access
Jan 31 16:02:09 kata-Vostro-5471 kernel: HugeTLB registered 1.00 GiB page size, pre-allocated 0 pages
Jan 31 16:02:09 kata-Vostro-5471 kernel: HugeTLB registered 2.00 MiB page size, pre-allocated 0 pages
Jan 31 16:02:09 kata-Vostro-5471 kernel: ACPI: Added _OSI(Module Device)
Jan 31 16:02:09 kata-Vostro-5471 kernel: ACPI: Added _OSI(Processor Device)
Jan 31 16:02:09 kata-Vostro-5471 kernel: ACPI: Added _OSI(3.0 _SCP Extensions)
Jan 31 16:02:09 kata-Vostro-5471 kernel: ACPI: Added _OSI(Processor Aggregator Device)
Jan 31 16:02:09 kata-Vostro-5471 kernel: ACPI: Added _OSI(Linux-Dell-Video)
Jan 31 16:02:09 kata-Vostro-5471 kernel: ACPI: Added _OSI(Linux-Lenovo-NV-HDMI-Audio)
Jan 31 16:02:09 kata-Vostro-5471 kernel: ACPI: Added _OSI(Linux-HPI-Hybrid-Graphics)
Jan 31 16:02:09 kata-Vostro-5471 kernel: <font color="#EF2929"><b>ACPI Error: [_SB_.PCI0.RP05.PXSX] Namespace lookup failure, AE_NOT_FOUND (20170831/dswload2-191)</b></font>
Jan 31 16:02:09 kata-Vostro-5471 kernel: <b>No Local Variables are initialized for Method [PXSX]</b>
Jan 31 16:02:09 kata-Vostro-5471 kernel: <b>No Arguments are initialized for method [PXSX]</b>
Jan 31 16:02:09 kata-Vostro-5471 kernel: <font color="#EF2929"><b>ACPI Exception: AE_NOT_FOUND, During name lookup/catalog (20170831/psobject-252)</b></font>
Jan 31 16:02:09 kata-Vostro-5471 kernel: <font color="#EF2929"><b>ACPI Error: Method parse/execution failed \_SB.PCI0.RP04.PXSX, AE_NOT_FOUND (20170831/psparse-550)</b></font>
Jan 31 16:02:09 kata-Vostro-5471 kernel: <font color="#EF2929"><b>ACPI Error: [_SB_.PCI0.RP09.PXSX] Namespace lookup failure, AE_NOT_FOUND (20170831/dswload2-191)</b></font>
Jan 31 16:02:09 kata-Vostro-5471 kernel: <b>No Local Variables are initialized for Method [PXSX]</b>
Jan 31 16:02:09 kata-Vostro-5471 kernel: <b>No Arguments are initialized for method [PXSX]</b>
Jan 31 16:02:09 kata-Vostro-5471 kernel: <font color="#EF2929"><b>ACPI Exception: AE_NOT_FOUND, During name lookup/catalog (20170831/psobject-252)</b></font>
Jan 31 16:02:09 kata-Vostro-5471 kernel: <font color="#EF2929"><b>ACPI Error: Method parse/execution failed \_SB.PCI0.RP08.PXSX, AE_NOT_FOUND (20170831/psparse-550)</b></font>
Jan 31 16:02:09 kata-Vostro-5471 kernel: ACPI: Executed 49 blocks of module-level executable AML code
Jan 31 16:02:09 kata-Vostro-5471 kernel: <b>ACPI: [Firmware Bug]: BIOS _OSI(Linux) query ignored</b>
Jan 31 16:02:09 kata-Vostro-5471 kernel: ACPI: Dynamic OEM Table Load:
Jan 31 16:02:09 kata-Vostro-5471 kernel: ACPI: SSDT 0xFFFF997A95427000 00058B (v02 PmRef  Cpu0Ist  00003000 INTL 20160422)
Jan 31 16:02:09 kata-Vostro-5471 kernel: ACPI: Executed 1 blocks of module-level executable AML code
Jan 31 16:02:09 kata-Vostro-5471 kernel: ACPI: \_PR_.PR00: _OSC native thermal LVT Acked
Jan 31 16:02:09 kata-Vostro-5471 kernel: ACPI: Dynamic OEM Table Load:
Jan 31 16:02:09 kata-Vostro-5471 kernel: ACPI: SSDT 0xFFFF997A95772800 0003FF (v02 PmRef  Cpu0Cst  00003001 INTL 20160422)
Jan 31 16:02:09 kata-Vostro-5471 kernel: ACPI: Executed 1 blocks of module-level executable AML code
Jan 31 16:02:09 kata-Vostro-5471 kernel: ACPI: Dynamic OEM Table Load:
Jan 31 16:02:09 kata-Vostro-5471 kernel: ACPI: SSDT 0xFFFF997A9541A180 0000BA (v02 PmRef  Cpu0Hwp  00003000 INTL 20160422)
Jan 31 16:02:09 kata-Vostro-5471 kernel: ACPI: Executed 1 blocks of module-level executable AML code
Jan 31 16:02:09 kata-Vostro-5471 kernel: ACPI: Dynamic OEM Table Load:
Jan 31 16:02:09 kata-Vostro-5471 kernel: ACPI: SSDT 0xFFFF997A95421000 000628 (v02 PmRef  HwpLvt   00003000 INTL 20160422)
Jan 31 16:02:09 kata-Vostro-5471 kernel: ACPI: Executed 1 blocks of module-level executable AML code
Jan 31 16:02:09 kata-Vostro-5471 kernel: ACPI: Dynamic OEM Table Load:
Jan 31 16:02:09 kata-Vostro-5471 kernel: ACPI: SSDT 0xFFFF997A95766000 000D14 (v02 PmRef  ApIst    00003000 INTL 20160422)
Jan 31 16:02:09 kata-Vostro-5471 kernel: ACPI: Executed 1 blocks of module-level executable AML code
Jan 31 16:02:09 kata-Vostro-5471 kernel: ACPI: Dynamic OEM Table Load:
Jan 31 16:02:09 kata-Vostro-5471 kernel: ACPI: SSDT 0xFFFF997A95773400 000317 (v02 PmRef  ApHwp    00003000 INTL 20160422)
Jan 31 16:02:09 kata-Vostro-5471 kernel: ACPI: Executed 1 blocks of module-level executable AML code
Jan 31 16:02:09 kata-Vostro-5471 kernel: ACPI: Dynamic OEM Table Load:
Jan 31 16:02:09 kata-Vostro-5471 kernel: ACPI: SSDT 0xFFFF997A95776800 00030A (v02 PmRef  ApCst    00003000 INTL 20160422)
Jan 31 16:02:09 kata-Vostro-5471 kernel: ACPI: Executed 1 blocks of module-level executable AML code
Jan 31 16:02:09 kata-Vostro-5471 kernel: ACPI: EC: EC started
Jan 31 16:02:09 kata-Vostro-5471 kernel: ACPI: EC: interrupt blocked
Jan 31 16:02:09 kata-Vostro-5471 kernel: ACPI: \_SB_.PCI0.LPCB.ECDV: Used as first EC
Jan 31 16:02:09 kata-Vostro-5471 kernel: ACPI: \_SB_.PCI0.LPCB.ECDV: GPE=0x6e, EC_CMD/EC_SC=0x934, EC_DATA=0x930
Jan 31 16:02:09 kata-Vostro-5471 kernel: ACPI: \_SB_.PCI0.LPCB.ECDV: Used as boot DSDT EC to handle transactions
Jan 31 16:02:09 kata-Vostro-5471 kernel: ACPI: Interpreter enabled
Jan 31 16:02:09 kata-Vostro-5471 kernel: ACPI: (supports S0 S3 S4 S5)
Jan 31 16:02:09 kata-Vostro-5471 kernel: ACPI: Using IOAPIC for interrupt routing
Jan 31 16:02:09 kata-Vostro-5471 kernel: PCI: Using host bridge windows from ACPI; if necessary, use &quot;pci=nocrs&quot; and report a bug
Jan 31 16:02:09 kata-Vostro-5471 kernel: ACPI: Enabled 7 GPEs in block 00 to 7F
Jan 31 16:02:09 kata-Vostro-5471 kernel: ACPI: Power Resource [PC01] (on)
Jan 31 16:02:09 kata-Vostro-5471 kernel: ACPI: PCI Root Bridge [PCI0] (domain 0000 [bus 00-fe])
Jan 31 16:02:09 kata-Vostro-5471 kernel: acpi PNP0A08:00: _OSC: OS supports [ExtendedConfig ASPM ClockPM Segments MSI]
Jan 31 16:02:09 kata-Vostro-5471 kernel: acpi PNP0A08:00: _OSC: OS now controls [PCIeHotplug PME AER PCIeCapability]
Jan 31 16:02:09 kata-Vostro-5471 kernel: acpi PNP0A08:00: FADT indicates ASPM is unsupported, using BIOS configuration
Jan 31 16:02:09 kata-Vostro-5471 kernel: PCI host bridge to bus 0000:00
Jan 31 16:02:09 kata-Vostro-5471 kernel: pci_bus 0000:00: root bus resource [io  0x0000-0x0cf7 window]
Jan 31 16:02:09 kata-Vostro-5471 kernel: pci_bus 0000:00: root bus resource [io  0x0d00-0xffff window]
Jan 31 16:02:09 kata-Vostro-5471 kernel: pci_bus 0000:00: root bus resource [mem 0x000a0000-0x000bffff window]
Jan 31 16:02:09 kata-Vostro-5471 kernel: pci_bus 0000:00: root bus resource [mem 0x9f800000-0xdfffffff window]
Jan 31 16:02:09 kata-Vostro-5471 kernel: pci_bus 0000:00: root bus resource [mem 0xfd000000-0xfe7fffff window]
Jan 31 16:02:09 kata-Vostro-5471 kernel: pci_bus 0000:00: root bus resource [bus 00-fe]
Jan 31 16:02:09 kata-Vostro-5471 kernel: pci 0000:00:00.0: [8086:5914] type 00 class 0x060000
Jan 31 16:02:09 kata-Vostro-5471 kernel: pci 0000:00:02.0: [8086:5917] type 00 class 0x030000
Jan 31 16:02:09 kata-Vostro-5471 kernel: pci 0000:00:02.0: reg 0x10: [mem 0xde000000-0xdeffffff 64bit]
Jan 31 16:02:09 kata-Vostro-5471 kernel: pci 0000:00:02.0: reg 0x18: [mem 0xb0000000-0xbfffffff 64bit pref]
Jan 31 16:02:09 kata-Vostro-5471 kernel: pci 0000:00:02.0: reg 0x20: [io  0xf000-0xf03f]
Jan 31 16:02:09 kata-Vostro-5471 kernel: pci 0000:00:04.0: [8086:1903] type 00 class 0x118000
Jan 31 16:02:09 kata-Vostro-5471 kernel: pci 0000:00:04.0: reg 0x10: [mem 0xdf320000-0xdf327fff 64bit]
Jan 31 16:02:09 kata-Vostro-5471 kernel: pci 0000:00:14.0: [8086:9d2f] type 00 class 0x0c0330
Jan 31 16:02:09 kata-Vostro-5471 kernel: pci 0000:00:14.0: reg 0x10: [mem 0xdf310000-0xdf31ffff 64bit]
Jan 31 16:02:09 kata-Vostro-5471 kernel: pci 0000:00:14.0: PME# supported from D3hot D3cold
Jan 31 16:02:09 kata-Vostro-5471 kernel: pci 0000:00:14.2: [8086:9d31] type 00 class 0x118000
Jan 31 16:02:09 kata-Vostro-5471 kernel: pci 0000:00:14.2: reg 0x10: [mem 0xdf337000-0xdf337fff 64bit]
Jan 31 16:02:09 kata-Vostro-5471 kernel: pci 0000:00:15.0: [8086:9d60] type 00 class 0x118000
Jan 31 16:02:09 kata-Vostro-5471 kernel: pci 0000:00:15.0: reg 0x10: [mem 0xdf336000-0xdf336fff 64bit]
Jan 31 16:02:09 kata-Vostro-5471 kernel: pci 0000:00:16.0: [8086:9d3a] type 00 class 0x078000
Jan 31 16:02:09 kata-Vostro-5471 kernel: pci 0000:00:16.0: reg 0x10: [mem 0xdf335000-0xdf335fff 64bit]
Jan 31 16:02:09 kata-Vostro-5471 kernel: pci 0000:00:16.0: PME# supported from D3hot
Jan 31 16:02:09 kata-Vostro-5471 kernel: pci 0000:00:17.0: [8086:9d03] type 00 class 0x010601
Jan 31 16:02:09 kata-Vostro-5471 kernel: pci 0000:00:17.0: reg 0x10: [mem 0xdf330000-0xdf331fff]
Jan 31 16:02:09 kata-Vostro-5471 kernel: pci 0000:00:17.0: reg 0x14: [mem 0xdf334000-0xdf3340ff]
Jan 31 16:02:09 kata-Vostro-5471 kernel: pci 0000:00:17.0: reg 0x18: [io  0xf090-0xf097]
Jan 31 16:02:09 kata-Vostro-5471 kernel: pci 0000:00:17.0: reg 0x1c: [io  0xf080-0xf083]
Jan 31 16:02:09 kata-Vostro-5471 kernel: pci 0000:00:17.0: reg 0x20: [io  0xf060-0xf07f]
Jan 31 16:02:09 kata-Vostro-5471 kernel: pci 0000:00:17.0: reg 0x24: [mem 0xdf333000-0xdf3337ff]
Jan 31 16:02:09 kata-Vostro-5471 kernel: pci 0000:00:17.0: PME# supported from D3hot
Jan 31 16:02:09 kata-Vostro-5471 kernel: pci 0000:00:1c.0: [8086:9d10] type 01 class 0x060400
Jan 31 16:02:09 kata-Vostro-5471 kernel: pci 0000:00:1c.0: PME# supported from D0 D3hot D3cold
Jan 31 16:02:09 kata-Vostro-5471 kernel: pci 0000:00:1c.4: [8086:9d14] type 01 class 0x060400
Jan 31 16:02:09 kata-Vostro-5471 kernel: pci 0000:00:1c.4: PME# supported from D0 D3hot D3cold
Jan 31 16:02:09 kata-Vostro-5471 kernel: pci 0000:00:1c.5: [8086:9d15] type 01 class 0x060400
Jan 31 16:02:09 kata-Vostro-5471 kernel: pci 0000:00:1c.5: PME# supported from D0 D3hot D3cold
Jan 31 16:02:09 kata-Vostro-5471 kernel: pci 0000:00:1f.0: [8086:9d4e] type 00 class 0x060100
Jan 31 16:02:09 kata-Vostro-5471 kernel: pci 0000:00:1f.2: [8086:9d21] type 00 class 0x058000
Jan 31 16:02:09 kata-Vostro-5471 kernel: pci 0000:00:1f.2: reg 0x10: [mem 0xdf32c000-0xdf32ffff]
Jan 31 16:02:09 kata-Vostro-5471 kernel: pci 0000:00:1f.3: [8086:9d71] type 00 class 0x040300
Jan 31 16:02:09 kata-Vostro-5471 kernel: pci 0000:00:1f.3: reg 0x10: [mem 0xdf328000-0xdf32bfff 64bit]
Jan 31 16:02:09 kata-Vostro-5471 kernel: pci 0000:00:1f.3: reg 0x20: [mem 0xdf300000-0xdf30ffff 64bit]
Jan 31 16:02:09 kata-Vostro-5471 kernel: pci 0000:00:1f.3: PME# supported from D3hot D3cold
Jan 31 16:02:09 kata-Vostro-5471 kernel: pci 0000:00:1f.4: [8086:9d23] type 00 class 0x0c0500
Jan 31 16:02:09 kata-Vostro-5471 kernel: pci 0000:00:1f.4: reg 0x10: [mem 0xdf332000-0xdf3320ff 64bit]
Jan 31 16:02:09 kata-Vostro-5471 kernel: pci 0000:00:1f.4: reg 0x20: [io  0xf040-0xf05f]
Jan 31 16:02:09 kata-Vostro-5471 kernel: pci 0000:01:00.0: [1002:6900] type 00 class 0x038000
Jan 31 16:02:09 kata-Vostro-5471 kernel: pci 0000:01:00.0: reg 0x10: [mem 0xc0000000-0xcfffffff 64bit pref]
Jan 31 16:02:09 kata-Vostro-5471 kernel: pci 0000:01:00.0: reg 0x18: [mem 0xd0000000-0xd01fffff 64bit pref]
Jan 31 16:02:09 kata-Vostro-5471 kernel: pci 0000:01:00.0: reg 0x20: [io  0xe000-0xe0ff]
Jan 31 16:02:09 kata-Vostro-5471 kernel: pci 0000:01:00.0: reg 0x24: [mem 0xdf200000-0xdf23ffff]
Jan 31 16:02:09 kata-Vostro-5471 kernel: pci 0000:01:00.0: reg 0x30: [mem 0xdf240000-0xdf25ffff pref]
Jan 31 16:02:09 kata-Vostro-5471 kernel: pci 0000:01:00.0: enabling Extended Tags
Jan 31 16:02:09 kata-Vostro-5471 kernel: pci 0000:01:00.0: supports D1 D2
Jan 31 16:02:09 kata-Vostro-5471 kernel: pci 0000:00:1c.0: PCI bridge to [bus 01]
Jan 31 16:02:09 kata-Vostro-5471 kernel: pci 0000:00:1c.0:   bridge window [io  0xe000-0xefff]
Jan 31 16:02:09 kata-Vostro-5471 kernel: pci 0000:00:1c.0:   bridge window [mem 0xdf200000-0xdf2fffff]
Jan 31 16:02:09 kata-Vostro-5471 kernel: pci 0000:00:1c.0:   bridge window [mem 0xc0000000-0xd01fffff 64bit pref]
Jan 31 16:02:09 kata-Vostro-5471 kernel: pci 0000:02:00.0: [10ec:8168] type 00 class 0x020000
Jan 31 16:02:09 kata-Vostro-5471 kernel: pci 0000:02:00.0: reg 0x10: [io  0xd000-0xd0ff]
Jan 31 16:02:09 kata-Vostro-5471 kernel: pci 0000:02:00.0: reg 0x18: [mem 0xdf104000-0xdf104fff 64bit]
Jan 31 16:02:09 kata-Vostro-5471 kernel: pci 0000:02:00.0: reg 0x20: [mem 0xdf100000-0xdf103fff 64bit]
Jan 31 16:02:09 kata-Vostro-5471 kernel: pci 0000:02:00.0: supports D1 D2
Jan 31 16:02:09 kata-Vostro-5471 kernel: pci 0000:02:00.0: PME# supported from D0 D1 D2 D3hot D3cold
Jan 31 16:02:09 kata-Vostro-5471 kernel: pci 0000:00:1c.4: PCI bridge to [bus 02]
Jan 31 16:02:09 kata-Vostro-5471 kernel: pci 0000:00:1c.4:   bridge window [io  0xd000-0xdfff]
Jan 31 16:02:09 kata-Vostro-5471 kernel: pci 0000:00:1c.4:   bridge window [mem 0xdf100000-0xdf1fffff]
Jan 31 16:02:09 kata-Vostro-5471 kernel: pci 0000:03:00.0: [8086:3165] type 00 class 0x028000
Jan 31 16:02:09 kata-Vostro-5471 kernel: pci 0000:03:00.0: reg 0x10: [mem 0xdf000000-0xdf001fff 64bit]
Jan 31 16:02:09 kata-Vostro-5471 kernel: pci 0000:03:00.0: PME# supported from D0 D3hot D3cold
Jan 31 16:02:09 kata-Vostro-5471 kernel: pci 0000:00:1c.5: PCI bridge to [bus 03]
Jan 31 16:02:09 kata-Vostro-5471 kernel: pci 0000:00:1c.5:   bridge window [mem 0xdf000000-0xdf0fffff]
Jan 31 16:02:09 kata-Vostro-5471 kernel: ACPI: PCI Interrupt Link [LNKA] (IRQs 3 4 5 6 10 *11 12 14 15)
Jan 31 16:02:09 kata-Vostro-5471 kernel: ACPI: PCI Interrupt Link [LNKB] (IRQs 3 4 5 6 *10 11 12 14 15)
Jan 31 16:02:09 kata-Vostro-5471 kernel: ACPI: PCI Interrupt Link [LNKC] (IRQs 3 4 5 6 10 *11 12 14 15)
Jan 31 16:02:09 kata-Vostro-5471 kernel: ACPI: PCI Interrupt Link [LNKD] (IRQs 3 4 5 6 10 *11 12 14 15)
Jan 31 16:02:09 kata-Vostro-5471 kernel: ACPI: PCI Interrupt Link [LNKE] (IRQs 3 4 5 6 10 *11 12 14 15)
Jan 31 16:02:09 kata-Vostro-5471 kernel: ACPI: PCI Interrupt Link [LNKF] (IRQs 3 4 5 6 10 *11 12 14 15)
Jan 31 16:02:09 kata-Vostro-5471 kernel: ACPI: PCI Interrupt Link [LNKG] (IRQs 3 4 5 6 10 *11 12 14 15)
Jan 31 16:02:09 kata-Vostro-5471 kernel: ACPI: PCI Interrupt Link [LNKH] (IRQs 3 4 5 6 10 *11 12 14 15)
Jan 31 16:02:09 kata-Vostro-5471 kernel: ACPI: EC: interrupt unblocked
Jan 31 16:02:09 kata-Vostro-5471 kernel: ACPI: EC: event unblocked
Jan 31 16:02:09 kata-Vostro-5471 kernel: ACPI: \_SB_.PCI0.LPCB.ECDV: GPE=0x6e, EC_CMD/EC_SC=0x934, EC_DATA=0x930
Jan 31 16:02:09 kata-Vostro-5471 kernel: ACPI: \_SB_.PCI0.LPCB.ECDV: Used as boot DSDT EC to handle transactions and events
Jan 31 16:02:09 kata-Vostro-5471 kernel: <b>SCSI subsystem initialized</b>
Jan 31 16:02:09 kata-Vostro-5471 kernel: libata version 3.00 loaded.
Jan 31 16:02:09 kata-Vostro-5471 kernel: pci 0000:00:02.0: vgaarb: setting as boot VGA device
Jan 31 16:02:09 kata-Vostro-5471 kernel: pci 0000:00:02.0: vgaarb: VGA device added: decodes=io+mem,owns=io+mem,locks=none
Jan 31 16:02:09 kata-Vostro-5471 kernel: pci 0000:00:02.0: vgaarb: bridge control possible
Jan 31 16:02:09 kata-Vostro-5471 kernel: vgaarb: loaded
Jan 31 16:02:09 kata-Vostro-5471 kernel: ACPI: bus type USB registered
Jan 31 16:02:09 kata-Vostro-5471 kernel: usbcore: registered new interface driver usbfs
Jan 31 16:02:09 kata-Vostro-5471 kernel: usbcore: registered new interface driver hub
Jan 31 16:02:09 kata-Vostro-5471 kernel: usbcore: registered new device driver usb
Jan 31 16:02:09 kata-Vostro-5471 kernel: EDAC MC: Ver: 3.0.0
Jan 31 16:02:09 kata-Vostro-5471 kernel: PCI: Using ACPI for IRQ routing
Jan 31 16:02:09 kata-Vostro-5471 kernel: PCI: pci_cache_line_size set to 64 bytes
Jan 31 16:02:09 kata-Vostro-5471 kernel: e820: reserve RAM buffer [mem 0x0009c400-0x0009ffff]
Jan 31 16:02:09 kata-Vostro-5471 kernel: e820: reserve RAM buffer [mem 0x8a297000-0x8bffffff]
Jan 31 16:02:09 kata-Vostro-5471 kernel: e820: reserve RAM buffer [mem 0x25f800000-0x25fffffff]
Jan 31 16:02:09 kata-Vostro-5471 kernel: NetLabel: Initializing
Jan 31 16:02:09 kata-Vostro-5471 kernel: NetLabel:  domain hash size = 128
Jan 31 16:02:09 kata-Vostro-5471 kernel: NetLabel:  protocols = UNLABELED CIPSOv4 CALIPSO
Jan 31 16:02:09 kata-Vostro-5471 kernel: NetLabel:  unlabeled traffic allowed by default
Jan 31 16:02:09 kata-Vostro-5471 kernel: hpet0: at MMIO 0xfed00000, IRQs 2, 8, 0, 0, 0, 0, 0, 0
Jan 31 16:02:09 kata-Vostro-5471 kernel: hpet0: 8 comparators, 64-bit 24.000000 MHz counter
Jan 31 16:02:09 kata-Vostro-5471 kernel: clocksource: Switched to clocksource hpet
Jan 31 16:02:09 kata-Vostro-5471 kernel: <b>VFS: Disk quotas dquot_6.6.0</b>
Jan 31 16:02:09 kata-Vostro-5471 kernel: VFS: Dquot-cache hash table entries: 512 (order 0, 4096 bytes)
Jan 31 16:02:09 kata-Vostro-5471 kernel: AppArmor: AppArmor Filesystem Enabled
Jan 31 16:02:09 kata-Vostro-5471 kernel: pnp: PnP ACPI init
Jan 31 16:02:09 kata-Vostro-5471 kernel: system 00:00: [io  0x0680-0x069f] has been reserved
Jan 31 16:02:09 kata-Vostro-5471 kernel: system 00:00: [io  0xffff] has been reserved
Jan 31 16:02:09 kata-Vostro-5471 kernel: system 00:00: [io  0xffff] has been reserved
Jan 31 16:02:09 kata-Vostro-5471 kernel: system 00:00: [io  0xffff] has been reserved
Jan 31 16:02:09 kata-Vostro-5471 kernel: system 00:00: [io  0x1800-0x18fe] has been reserved
Jan 31 16:02:09 kata-Vostro-5471 kernel: system 00:00: [io  0x164e-0x164f] has been reserved
Jan 31 16:02:09 kata-Vostro-5471 kernel: system 00:00: Plug and Play ACPI device, IDs PNP0c02 (active)
Jan 31 16:02:09 kata-Vostro-5471 kernel: pnp 00:01: Plug and Play ACPI device, IDs PNP0b00 (active)
Jan 31 16:02:09 kata-Vostro-5471 kernel: system 00:02: [io  0x1854-0x1857] has been reserved
Jan 31 16:02:09 kata-Vostro-5471 kernel: system 00:02: Plug and Play ACPI device, IDs INT3f0d PNP0c02 (active)
Jan 31 16:02:09 kata-Vostro-5471 kernel: pnp 00:03: Plug and Play ACPI device, IDs PNP0303 (active)
Jan 31 16:02:09 kata-Vostro-5471 kernel: pnp 00:04: Plug and Play ACPI device, IDs DLL0830 PNP0f13 (active)
Jan 31 16:02:09 kata-Vostro-5471 kernel: system 00:05: [mem 0xfed10000-0xfed17fff] has been reserved
Jan 31 16:02:09 kata-Vostro-5471 kernel: system 00:05: [mem 0xfed18000-0xfed18fff] has been reserved
Jan 31 16:02:09 kata-Vostro-5471 kernel: system 00:05: [mem 0xfed19000-0xfed19fff] has been reserved
Jan 31 16:02:09 kata-Vostro-5471 kernel: system 00:05: [mem 0xe0000000-0xefffffff] has been reserved
Jan 31 16:02:09 kata-Vostro-5471 kernel: system 00:05: [mem 0xfed20000-0xfed3ffff] has been reserved
Jan 31 16:02:09 kata-Vostro-5471 kernel: system 00:05: [mem 0xfed90000-0xfed93fff] could not be reserved
Jan 31 16:02:09 kata-Vostro-5471 kernel: system 00:05: [mem 0xfed45000-0xfed8ffff] has been reserved
Jan 31 16:02:09 kata-Vostro-5471 kernel: system 00:05: [mem 0xff000000-0xffffffff] has been reserved
Jan 31 16:02:09 kata-Vostro-5471 kernel: system 00:05: [mem 0xfee00000-0xfeefffff] could not be reserved
Jan 31 16:02:09 kata-Vostro-5471 kernel: system 00:05: [mem 0xdffe0000-0xdfffffff] has been reserved
Jan 31 16:02:09 kata-Vostro-5471 kernel: system 00:05: Plug and Play ACPI device, IDs PNP0c02 (active)
Jan 31 16:02:09 kata-Vostro-5471 kernel: system 00:06: [mem 0xfd000000-0xfdabffff] has been reserved
Jan 31 16:02:09 kata-Vostro-5471 kernel: system 00:06: [mem 0xfdad0000-0xfdadffff] has been reserved
Jan 31 16:02:09 kata-Vostro-5471 kernel: system 00:06: [mem 0xfdb00000-0xfdffffff] has been reserved
Jan 31 16:02:09 kata-Vostro-5471 kernel: system 00:06: [mem 0xfe000000-0xfe01ffff] could not be reserved
Jan 31 16:02:09 kata-Vostro-5471 kernel: system 00:06: [mem 0xfe036000-0xfe03bfff] has been reserved
Jan 31 16:02:09 kata-Vostro-5471 kernel: system 00:06: [mem 0xfe03d000-0xfe3fffff] has been reserved
Jan 31 16:02:09 kata-Vostro-5471 kernel: system 00:06: [mem 0xfe410000-0xfe7fffff] has been reserved
Jan 31 16:02:09 kata-Vostro-5471 kernel: system 00:06: Plug and Play ACPI device, IDs PNP0c02 (active)
Jan 31 16:02:09 kata-Vostro-5471 kernel: system 00:07: [io  0xff00-0xfffe] has been reserved
Jan 31 16:02:09 kata-Vostro-5471 kernel: system 00:07: Plug and Play ACPI device, IDs PNP0c02 (active)
Jan 31 16:02:09 kata-Vostro-5471 kernel: system 00:08: [mem 0xfe029000-0xfe029fff] has been reserved
Jan 31 16:02:09 kata-Vostro-5471 kernel: system 00:08: [mem 0xfe028000-0xfe028fff] has been reserved
Jan 31 16:02:09 kata-Vostro-5471 kernel: system 00:08: [mem 0xfdaf0000-0xfdafffff] has been reserved
Jan 31 16:02:09 kata-Vostro-5471 kernel: system 00:08: [mem 0xfdae0000-0xfdaeffff] has been reserved
Jan 31 16:02:09 kata-Vostro-5471 kernel: system 00:08: [mem 0xfdac0000-0xfdacffff] has been reserved
Jan 31 16:02:09 kata-Vostro-5471 kernel: system 00:08: Plug and Play ACPI device, IDs PNP0c02 (active)
Jan 31 16:02:09 kata-Vostro-5471 kernel: pnp: PnP ACPI: found 9 devices
Jan 31 16:02:09 kata-Vostro-5471 kernel: clocksource: acpi_pm: mask: 0xffffff max_cycles: 0xffffff, max_idle_ns: 2085701024 ns
Jan 31 16:02:09 kata-Vostro-5471 kernel: pci 0000:00:1c.0: PCI bridge to [bus 01]
Jan 31 16:02:09 kata-Vostro-5471 kernel: pci 0000:00:1c.0:   bridge window [io  0xe000-0xefff]
Jan 31 16:02:09 kata-Vostro-5471 kernel: pci 0000:00:1c.0:   bridge window [mem 0xdf200000-0xdf2fffff]
Jan 31 16:02:09 kata-Vostro-5471 kernel: pci 0000:00:1c.0:   bridge window [mem 0xc0000000-0xd01fffff 64bit pref]
Jan 31 16:02:09 kata-Vostro-5471 kernel: pci 0000:00:1c.4: PCI bridge to [bus 02]
Jan 31 16:02:09 kata-Vostro-5471 kernel: pci 0000:00:1c.4:   bridge window [io  0xd000-0xdfff]
Jan 31 16:02:09 kata-Vostro-5471 kernel: pci 0000:00:1c.4:   bridge window [mem 0xdf100000-0xdf1fffff]
Jan 31 16:02:09 kata-Vostro-5471 kernel: pci 0000:00:1c.5: PCI bridge to [bus 03]
Jan 31 16:02:09 kata-Vostro-5471 kernel: pci 0000:00:1c.5:   bridge window [mem 0xdf000000-0xdf0fffff]
Jan 31 16:02:09 kata-Vostro-5471 kernel: pci_bus 0000:00: resource 4 [io  0x0000-0x0cf7 window]
Jan 31 16:02:09 kata-Vostro-5471 kernel: pci_bus 0000:00: resource 5 [io  0x0d00-0xffff window]
Jan 31 16:02:09 kata-Vostro-5471 kernel: pci_bus 0000:00: resource 6 [mem 0x000a0000-0x000bffff window]
Jan 31 16:02:09 kata-Vostro-5471 kernel: pci_bus 0000:00: resource 7 [mem 0x9f800000-0xdfffffff window]
Jan 31 16:02:09 kata-Vostro-5471 kernel: pci_bus 0000:00: resource 8 [mem 0xfd000000-0xfe7fffff window]
Jan 31 16:02:09 kata-Vostro-5471 kernel: pci_bus 0000:01: resource 0 [io  0xe000-0xefff]
Jan 31 16:02:09 kata-Vostro-5471 kernel: pci_bus 0000:01: resource 1 [mem 0xdf200000-0xdf2fffff]
Jan 31 16:02:09 kata-Vostro-5471 kernel: pci_bus 0000:01: resource 2 [mem 0xc0000000-0xd01fffff 64bit pref]
Jan 31 16:02:09 kata-Vostro-5471 kernel: pci_bus 0000:02: resource 0 [io  0xd000-0xdfff]
Jan 31 16:02:09 kata-Vostro-5471 kernel: pci_bus 0000:02: resource 1 [mem 0xdf100000-0xdf1fffff]
Jan 31 16:02:09 kata-Vostro-5471 kernel: pci_bus 0000:03: resource 1 [mem 0xdf000000-0xdf0fffff]
Jan 31 16:02:09 kata-Vostro-5471 kernel: NET: Registered protocol family 2
Jan 31 16:02:09 kata-Vostro-5471 kernel: TCP established hash table entries: 65536 (order: 7, 524288 bytes)
Jan 31 16:02:09 kata-Vostro-5471 kernel: TCP bind hash table entries: 65536 (order: 8, 1048576 bytes)
Jan 31 16:02:09 kata-Vostro-5471 kernel: TCP: Hash tables configured (established 65536 bind 65536)
Jan 31 16:02:09 kata-Vostro-5471 kernel: UDP hash table entries: 4096 (order: 5, 131072 bytes)
Jan 31 16:02:09 kata-Vostro-5471 kernel: UDP-Lite hash table entries: 4096 (order: 5, 131072 bytes)
Jan 31 16:02:09 kata-Vostro-5471 kernel: NET: Registered protocol family 1
Jan 31 16:02:09 kata-Vostro-5471 kernel: pci 0000:00:02.0: Video device with shadowed ROM at [mem 0x000c0000-0x000dffff]
Jan 31 16:02:09 kata-Vostro-5471 kernel: PCI: CLS 0 bytes, default 64
Jan 31 16:02:09 kata-Vostro-5471 kernel: Unpacking initramfs...
Jan 31 16:02:09 kata-Vostro-5471 kernel: Freeing initrd memory: 58140K
Jan 31 16:02:09 kata-Vostro-5471 kernel: DMAR: ACPI device &quot;device:6a&quot; under DMAR at fed91000 as 00:15.0
Jan 31 16:02:09 kata-Vostro-5471 kernel: PCI-DMA: Using software bounce buffering for IO (SWIOTLB)
Jan 31 16:02:09 kata-Vostro-5471 kernel: software IO TLB [mem 0x86297000-0x8a297000] (64MB) mapped at [        (ptrval)-        (ptrval)]
Jan 31 16:02:09 kata-Vostro-5471 kernel: clocksource: tsc: mask: 0xffffffffffffffff max_cycles: 0x19f2297dd97, max_idle_ns: 440795236593 ns
Jan 31 16:02:09 kata-Vostro-5471 kernel: Scanning for low memory corruption every 60 seconds
Jan 31 16:02:09 kata-Vostro-5471 kernel: <b>Initialise system trusted keyrings</b>
Jan 31 16:02:09 kata-Vostro-5471 kernel: <b>Key type blacklist registered</b>
Jan 31 16:02:09 kata-Vostro-5471 kernel: workingset: timestamp_bits=36 max_order=21 bucket_order=0
Jan 31 16:02:09 kata-Vostro-5471 kernel: zbud: loaded
Jan 31 16:02:09 kata-Vostro-5471 kernel: squashfs: version 4.0 (2009/01/31) Phillip Lougher
Jan 31 16:02:09 kata-Vostro-5471 kernel: fuse init (API version 7.26)
Jan 31 16:02:09 kata-Vostro-5471 kernel: <b>Key type asymmetric registered</b>
Jan 31 16:02:09 kata-Vostro-5471 kernel: <b>Asymmetric key parser &apos;x509&apos; registered</b>
Jan 31 16:02:09 kata-Vostro-5471 kernel: Block layer SCSI generic (bsg) driver version 0.4 loaded (major 246)
Jan 31 16:02:09 kata-Vostro-5471 kernel: io scheduler noop registered
Jan 31 16:02:09 kata-Vostro-5471 kernel: io scheduler deadline registered
Jan 31 16:02:09 kata-Vostro-5471 kernel: io scheduler cfq registered (default)
Jan 31 16:02:09 kata-Vostro-5471 kernel: pcieport 0000:00:1c.0: AER enabled with IRQ 122
Jan 31 16:02:09 kata-Vostro-5471 kernel: pcieport 0000:00:1c.4: AER enabled with IRQ 123
Jan 31 16:02:09 kata-Vostro-5471 kernel: pcieport 0000:00:1c.0: Signaling PME with IRQ 122
Jan 31 16:02:09 kata-Vostro-5471 kernel: pcieport 0000:00:1c.4: Signaling PME with IRQ 123
Jan 31 16:02:09 kata-Vostro-5471 kernel: pcieport 0000:00:1c.5: Signaling PME with IRQ 124
Jan 31 16:02:09 kata-Vostro-5471 kernel: vesafb: mode is 1920x1080x32, linelength=7680, pages=0
Jan 31 16:02:09 kata-Vostro-5471 kernel: vesafb: scrolling: redraw
Jan 31 16:02:09 kata-Vostro-5471 kernel: vesafb: Truecolor: size=8:8:8:8, shift=24:16:8:0
Jan 31 16:02:09 kata-Vostro-5471 kernel: vesafb: framebuffer at 0xb0000000, mapped to 0x        (ptrval), using 8128k, total 8128k
Jan 31 16:02:09 kata-Vostro-5471 kernel: Console: switching to colour frame buffer device 240x67
Jan 31 16:02:09 kata-Vostro-5471 kernel: fb0: VESA VGA frame buffer device
Jan 31 16:02:09 kata-Vostro-5471 kernel: intel_idle: MWAIT substates: 0x11142120
Jan 31 16:02:09 kata-Vostro-5471 kernel: intel_idle: v0.4.1 model 0x8E
Jan 31 16:02:09 kata-Vostro-5471 kernel: intel_idle: lapic_timer_reliable_states 0xffffffff
Jan 31 16:02:09 kata-Vostro-5471 kernel: ACPI: AC Adapter [AC] (on-line)
Jan 31 16:02:09 kata-Vostro-5471 kernel: input: Lid Switch as /devices/LNXSYSTM:00/LNXSYBUS:00/PNP0C0D:00/input/input0
Jan 31 16:02:09 kata-Vostro-5471 kernel: ACPI: Lid Switch [LID0]
Jan 31 16:02:09 kata-Vostro-5471 kernel: input: Power Button as /devices/LNXSYSTM:00/LNXSYBUS:00/PNP0C0C:00/input/input1
Jan 31 16:02:09 kata-Vostro-5471 kernel: ACPI: Power Button [PBTN]
Jan 31 16:02:09 kata-Vostro-5471 kernel: input: Sleep Button as /devices/LNXSYSTM:00/LNXSYBUS:00/PNP0C0E:00/input/input2
Jan 31 16:02:09 kata-Vostro-5471 kernel: ACPI: Sleep Button [SBTN]
Jan 31 16:02:09 kata-Vostro-5471 kernel: input: Power Button as /devices/LNXSYSTM:00/LNXPWRBN:00/input/input3
Jan 31 16:02:09 kata-Vostro-5471 kernel: ACPI: Power Button [PWRF]
Jan 31 16:02:09 kata-Vostro-5471 kernel: <b>(NULL device *): hwmon_device_register() is deprecated. Please convert the driver to use hwmon_device_register_with_info().</b>
Jan 31 16:02:09 kata-Vostro-5471 kernel: thermal LNXTHERM:00: registered as thermal_zone0
Jan 31 16:02:09 kata-Vostro-5471 kernel: ACPI: Thermal Zone [THM] (25 C)
Jan 31 16:02:09 kata-Vostro-5471 kernel: Serial: 8250/16550 driver, 32 ports, IRQ sharing enabled
Jan 31 16:02:09 kata-Vostro-5471 kernel: Linux agpgart interface v0.103
Jan 31 16:02:09 kata-Vostro-5471 kernel: <b>random: fast init done</b>
Jan 31 16:02:09 kata-Vostro-5471 kernel: tpm_tis MSFT0101:00: 2.0 TPM (device-id 0xFE, rev-id 4)
Jan 31 16:02:09 kata-Vostro-5471 kernel: ACPI: Battery Slot [BAT0] (battery present)
Jan 31 16:02:09 kata-Vostro-5471 kernel: loop: module loaded
Jan 31 16:02:09 kata-Vostro-5471 kernel: libphy: Fixed MDIO Bus: probed
Jan 31 16:02:09 kata-Vostro-5471 kernel: tun: Universal TUN/TAP device driver, 1.6
Jan 31 16:02:09 kata-Vostro-5471 kernel: PPP generic driver version 2.4.2
Jan 31 16:02:09 kata-Vostro-5471 kernel: ehci_hcd: USB 2.0 &apos;Enhanced&apos; Host Controller (EHCI) Driver
Jan 31 16:02:09 kata-Vostro-5471 kernel: ehci-pci: EHCI PCI platform driver
Jan 31 16:02:09 kata-Vostro-5471 kernel: ehci-platform: EHCI generic platform driver
Jan 31 16:02:09 kata-Vostro-5471 kernel: ohci_hcd: USB 1.1 &apos;Open&apos; Host Controller (OHCI) Driver
Jan 31 16:02:09 kata-Vostro-5471 kernel: ohci-pci: OHCI PCI platform driver
Jan 31 16:02:09 kata-Vostro-5471 kernel: ohci-platform: OHCI generic platform driver
Jan 31 16:02:09 kata-Vostro-5471 kernel: uhci_hcd: USB Universal Host Controller Interface driver
Jan 31 16:02:09 kata-Vostro-5471 kernel: xhci_hcd 0000:00:14.0: xHCI Host Controller
Jan 31 16:02:09 kata-Vostro-5471 kernel: xhci_hcd 0000:00:14.0: new USB bus registered, assigned bus number 1
Jan 31 16:02:09 kata-Vostro-5471 kernel: xhci_hcd 0000:00:14.0: hcc params 0x200077c1 hci version 0x100 quirks 0x0000000000109810
Jan 31 16:02:09 kata-Vostro-5471 kernel: xhci_hcd 0000:00:14.0: cache line size of 64 is not supported
Jan 31 16:02:09 kata-Vostro-5471 kernel: usb usb1: New USB device found, idVendor=1d6b, idProduct=0002
Jan 31 16:02:09 kata-Vostro-5471 kernel: usb usb1: New USB device strings: Mfr=3, Product=2, SerialNumber=1
Jan 31 16:02:09 kata-Vostro-5471 kernel: usb usb1: Product: xHCI Host Controller
Jan 31 16:02:09 kata-Vostro-5471 kernel: usb usb1: Manufacturer: Linux 4.15.0-45-generic xhci-hcd
Jan 31 16:02:09 kata-Vostro-5471 kernel: usb usb1: SerialNumber: 0000:00:14.0
Jan 31 16:02:09 kata-Vostro-5471 kernel: hub 1-0:1.0: USB hub found
Jan 31 16:02:09 kata-Vostro-5471 kernel: hub 1-0:1.0: 12 ports detected
Jan 31 16:02:09 kata-Vostro-5471 kernel: xhci_hcd 0000:00:14.0: xHCI Host Controller
Jan 31 16:02:09 kata-Vostro-5471 kernel: xhci_hcd 0000:00:14.0: new USB bus registered, assigned bus number 2
Jan 31 16:02:09 kata-Vostro-5471 kernel: xhci_hcd 0000:00:14.0: Host supports USB 3.0  SuperSpeed
Jan 31 16:02:09 kata-Vostro-5471 kernel: usb usb2: New USB device found, idVendor=1d6b, idProduct=0003
Jan 31 16:02:09 kata-Vostro-5471 kernel: usb usb2: New USB device strings: Mfr=3, Product=2, SerialNumber=1
Jan 31 16:02:09 kata-Vostro-5471 kernel: usb usb2: Product: xHCI Host Controller
Jan 31 16:02:09 kata-Vostro-5471 kernel: usb usb2: Manufacturer: Linux 4.15.0-45-generic xhci-hcd
Jan 31 16:02:09 kata-Vostro-5471 kernel: usb usb2: SerialNumber: 0000:00:14.0
Jan 31 16:02:09 kata-Vostro-5471 kernel: hub 2-0:1.0: USB hub found
Jan 31 16:02:09 kata-Vostro-5471 kernel: hub 2-0:1.0: 6 ports detected
Jan 31 16:02:09 kata-Vostro-5471 kernel: <b>usb: port power management may be unreliable</b>
Jan 31 16:02:09 kata-Vostro-5471 kernel: i8042: PNP: PS/2 Controller [PNP0303:PS2K,PNP0f13:PS2M] at 0x60,0x64 irq 1,12
Jan 31 16:02:09 kata-Vostro-5471 kernel: <b>i8042: Warning: Keylock active</b>
Jan 31 16:02:09 kata-Vostro-5471 kernel: serio: i8042 KBD port at 0x60,0x64 irq 1
Jan 31 16:02:09 kata-Vostro-5471 kernel: serio: i8042 AUX port at 0x60,0x64 irq 12
Jan 31 16:02:09 kata-Vostro-5471 kernel: mousedev: PS/2 mouse device common for all mice
Jan 31 16:02:09 kata-Vostro-5471 kernel: rtc_cmos 00:01: RTC can wake from S4
Jan 31 16:02:09 kata-Vostro-5471 kernel: rtc_cmos 00:01: rtc core: registered rtc_cmos as rtc0
Jan 31 16:02:09 kata-Vostro-5471 kernel: rtc_cmos 00:01: alarms up to one month, y3k, 242 bytes nvram, hpet irqs
Jan 31 16:02:09 kata-Vostro-5471 kernel: i2c /dev entries driver
Jan 31 16:02:09 kata-Vostro-5471 kernel: pcie_mp2_amd: AMD(R) PCI-E MP2 Communication Driver Version: 1.0
Jan 31 16:02:09 kata-Vostro-5471 kernel: device-mapper: uevent: version 1.0.3
Jan 31 16:02:09 kata-Vostro-5471 kernel: device-mapper: ioctl: 4.37.0-ioctl (2017-09-20) initialised: dm-devel@redhat.com
Jan 31 16:02:09 kata-Vostro-5471 kernel: intel_pstate: Intel P-state driver initializing
Jan 31 16:02:09 kata-Vostro-5471 kernel: input: AT Translated Set 2 keyboard as /devices/platform/i8042/serio0/input/input4
Jan 31 16:02:09 kata-Vostro-5471 kernel: intel_pstate: HWP enabled
Jan 31 16:02:09 kata-Vostro-5471 kernel: ledtrig-cpu: registered to indicate activity on CPUs
Jan 31 16:02:09 kata-Vostro-5471 kernel: intel_pmc_core:  initialized
Jan 31 16:02:09 kata-Vostro-5471 kernel: NET: Registered protocol family 10
Jan 31 16:02:09 kata-Vostro-5471 kernel: Segment Routing with IPv6
Jan 31 16:02:09 kata-Vostro-5471 kernel: NET: Registered protocol family 17
Jan 31 16:02:09 kata-Vostro-5471 kernel: <b>Key type dns_resolver registered</b>
Jan 31 16:02:09 kata-Vostro-5471 kernel: RAS: Correctable Errors collector initialized.
Jan 31 16:02:09 kata-Vostro-5471 kernel: microcode: sig=0x806ea, pf=0x80, revision=0x96
Jan 31 16:02:09 kata-Vostro-5471 kernel: microcode: Microcode Update Driver: v2.2.
Jan 31 16:02:09 kata-Vostro-5471 kernel: sched_clock: Marking stable (1632035807, 0)-&gt;(1617984652, 14051155)
Jan 31 16:02:09 kata-Vostro-5471 kernel: registered taskstats version 1
Jan 31 16:02:09 kata-Vostro-5471 kernel: <b>Loading compiled-in X.509 certificates</b>
Jan 31 16:02:09 kata-Vostro-5471 kernel: <b>Loaded X.509 cert &apos;Build time autogenerated kernel key: e3b8f44ffaaceef3e3a84cfaebd8e5a9acebeaad&apos;</b>
Jan 31 16:02:09 kata-Vostro-5471 kernel: zswap: loaded using pool lzo/zbud
Jan 31 16:02:09 kata-Vostro-5471 kernel: <b>Key type big_key registered</b>
Jan 31 16:02:09 kata-Vostro-5471 kernel: <b>Key type trusted registered</b>
Jan 31 16:02:09 kata-Vostro-5471 kernel: <b>Key type encrypted registered</b>
Jan 31 16:02:09 kata-Vostro-5471 kernel: AppArmor: AppArmor sha1 policy hashing enabled
Jan 31 16:02:09 kata-Vostro-5471 kernel: ima: Allocated hash algorithm: sha1
Jan 31 16:02:09 kata-Vostro-5471 kernel: evm: HMAC attrs: 0x1
Jan 31 16:02:09 kata-Vostro-5471 kernel:   Magic number: 3:850:33
Jan 31 16:02:09 kata-Vostro-5471 kernel: rtc_cmos 00:01: setting system clock to 2019-01-31 15:01:34 UTC (1548946894)
Jan 31 16:02:09 kata-Vostro-5471 kernel: BIOS EDD facility v0.16 2004-Jun-25, 0 devices found
Jan 31 16:02:09 kata-Vostro-5471 kernel: EDD information not available.
Jan 31 16:02:09 kata-Vostro-5471 kernel: usb 1-1: new full-speed USB device number 2 using xhci_hcd
Jan 31 16:02:09 kata-Vostro-5471 kernel: Freeing unused kernel memory: 2408K
Jan 31 16:02:09 kata-Vostro-5471 kernel: Write protecting the kernel read-only data: 20480k
Jan 31 16:02:09 kata-Vostro-5471 kernel: Freeing unused kernel memory: 2008K
Jan 31 16:02:09 kata-Vostro-5471 kernel: Freeing unused kernel memory: 1892K
Jan 31 16:02:09 kata-Vostro-5471 kernel: x86/mm: Checked W+X mappings: passed, no W+X pages found.
Jan 31 16:02:09 kata-Vostro-5471 kernel: x86/mm: Checking user space page tables
Jan 31 16:02:09 kata-Vostro-5471 kernel: x86/mm: Checked W+X mappings: passed, no W+X pages found.
Jan 31 16:02:09 kata-Vostro-5471 kernel: <b>random: systemd-udevd: uninitialized urandom read (16 bytes read)</b>
Jan 31 16:02:09 kata-Vostro-5471 kernel: <b>random: systemd-udevd: uninitialized urandom read (16 bytes read)</b>
Jan 31 16:02:09 kata-Vostro-5471 kernel: <b>random: systemd-udevd: uninitialized urandom read (16 bytes read)</b>
Jan 31 16:02:09 kata-Vostro-5471 kernel: usb 1-1: New USB device found, idVendor=046d, idProduct=c52f
Jan 31 16:02:09 kata-Vostro-5471 kernel: usb 1-1: New USB device strings: Mfr=1, Product=2, SerialNumber=0
Jan 31 16:02:09 kata-Vostro-5471 kernel: usb 1-1: Product: USB Receiver
Jan 31 16:02:09 kata-Vostro-5471 kernel: usb 1-1: Manufacturer: Logitech
Jan 31 16:02:09 kata-Vostro-5471 kernel: hidraw: raw HID events driver (C) Jiri Kosina
Jan 31 16:02:09 kata-Vostro-5471 kernel: <b>wmi_bus wmi_bus-PNP0C14:00: WQBC data block query control method not found</b>
Jan 31 16:02:09 kata-Vostro-5471 kernel: i801_smbus 0000:00:1f.4: SPD Write Disable is set
Jan 31 16:02:09 kata-Vostro-5471 kernel: i801_smbus 0000:00:1f.4: SMBus using PCI interrupt
Jan 31 16:02:09 kata-Vostro-5471 kernel: r8169 Gigabit Ethernet driver 2.3LK-NAPI loaded
Jan 31 16:02:09 kata-Vostro-5471 kernel: <b>r8169 0000:02:00.0: can&apos;t disable ASPM; OS doesn&apos;t have ASPM control</b>
Jan 31 16:02:09 kata-Vostro-5471 kernel: ahci 0000:00:17.0: version 3.0
Jan 31 16:02:09 kata-Vostro-5471 kernel: ahci 0000:00:17.0: SSS flag set, parallel bus scan disabled
Jan 31 16:02:09 kata-Vostro-5471 kernel: ahci 0000:00:17.0: AHCI 0001.0301 32 slots 2 ports 6 Gbps 0x5 impl SATA mode
Jan 31 16:02:09 kata-Vostro-5471 kernel: ahci 0000:00:17.0: flags: 64bit ncq stag pm led clo only pio slum part deso sadm sds apst 
Jan 31 16:02:09 kata-Vostro-5471 kernel: r8169 0000:02:00.0 eth0: RTL8168h/8111h at 0x        (ptrval), 54:b2:03:04:64:ec, XID 14100800 IRQ 127
Jan 31 16:02:09 kata-Vostro-5471 kernel: r8169 0000:02:00.0 eth0: jumbo features [frames: 9200 bytes, tx checksumming: ko]
Jan 31 16:02:09 kata-Vostro-5471 kernel: scsi host0: ahci
Jan 31 16:02:09 kata-Vostro-5471 kernel: scsi host1: ahci
Jan 31 16:02:09 kata-Vostro-5471 kernel: scsi host2: ahci
Jan 31 16:02:09 kata-Vostro-5471 kernel: ata1: SATA max UDMA/133 abar m2048@0xdf333000 port 0xdf333100 irq 126
Jan 31 16:02:09 kata-Vostro-5471 kernel: ata2: DUMMY
Jan 31 16:02:09 kata-Vostro-5471 kernel: ata3: SATA max UDMA/133 abar m2048@0xdf333000 port 0xdf333200 irq 126
Jan 31 16:02:09 kata-Vostro-5471 kernel: r8169 0000:02:00.0 enp2s0: renamed from eth0
Jan 31 16:02:09 kata-Vostro-5471 kernel: [drm] Memory usable by graphics device = 4096M
Jan 31 16:02:09 kata-Vostro-5471 kernel: checking generic (b0000000 7f0000) vs hw (b0000000 10000000)
Jan 31 16:02:09 kata-Vostro-5471 kernel: fb: switching to inteldrmfb from VESA VGA
Jan 31 16:02:09 kata-Vostro-5471 kernel: Console: switching to colour dummy device 80x25
Jan 31 16:02:09 kata-Vostro-5471 kernel: [drm] Replacing VGA console driver
Jan 31 16:02:09 kata-Vostro-5471 kernel: [drm] Supports vblank timestamp caching Rev 2 (21.10.2013).
Jan 31 16:02:09 kata-Vostro-5471 kernel: [drm] Driver supports precise vblank timestamp query.
Jan 31 16:02:09 kata-Vostro-5471 kernel: i915 0000:00:02.0: vgaarb: changed VGA decodes: olddecodes=io+mem,decodes=io+mem:owns=io+mem
Jan 31 16:02:09 kata-Vostro-5471 kernel: [drm] Finished loading DMC firmware i915/kbl_dmc_ver1_01.bin (v1.1)
Jan 31 16:02:09 kata-Vostro-5471 kernel: [drm] amdgpu kernel modesetting enabled.
Jan 31 16:02:09 kata-Vostro-5471 kernel: vga_switcheroo: detected switching method \_SB_.PCI0.GFX0.ATPX handle
Jan 31 16:02:09 kata-Vostro-5471 kernel: <b>ATPX version 1, functions 0x00000033</b>
Jan 31 16:02:09 kata-Vostro-5471 kernel: <b>ATPX Hybrid Graphics</b>
Jan 31 16:02:09 kata-Vostro-5471 kernel: AMD IOMMUv2 driver by Joerg Roedel &lt;jroedel@suse.de&gt;
Jan 31 16:02:09 kata-Vostro-5471 kernel: AMD IOMMUv2 functionality not available on this system
Jan 31 16:02:09 kata-Vostro-5471 kernel: <b>CRAT table not found</b>
Jan 31 16:02:09 kata-Vostro-5471 kernel: Finished initializing topology ret=0
Jan 31 16:02:09 kata-Vostro-5471 kernel: kfd kfd: Initialized module
Jan 31 16:02:09 kata-Vostro-5471 kernel: [drm] initializing kernel modesetting (TOPAZ 0x1002:0x6900 0x1028:0x0830 0xC1).
Jan 31 16:02:09 kata-Vostro-5471 kernel: [drm] register mmio base: 0xDF200000
Jan 31 16:02:09 kata-Vostro-5471 kernel: [drm] register mmio size: 262144
Jan 31 16:02:09 kata-Vostro-5471 kernel: [drm] probing gen 2 caps for device 8086:9d10 = 1724043/e
Jan 31 16:02:09 kata-Vostro-5471 kernel: [drm] probing mlw for device 8086:9d10 = 1724043
Jan 31 16:02:09 kata-Vostro-5471 kernel: vga_switcheroo: enabled
Jan 31 16:02:09 kata-Vostro-5471 kernel: usb 1-5: new high-speed USB device number 3 using xhci_hcd
Jan 31 16:02:09 kata-Vostro-5471 kernel: ATOM BIOS: BR23762.001
Jan 31 16:02:09 kata-Vostro-5471 kernel: [drm] GPU posting now...
Jan 31 16:02:09 kata-Vostro-5471 kernel: [drm] Changing default dispclk from 0Mhz to 600Mhz
Jan 31 16:02:09 kata-Vostro-5471 kernel: [drm] vm size is 64 GB, block size is 13-bit, fragment size is 9-bit
Jan 31 16:02:09 kata-Vostro-5471 kernel: amdgpu 0000:01:00.0: VRAM: 2048M 0x000000F400000000 - 0x000000F47FFFFFFF (2048M used)
Jan 31 16:02:09 kata-Vostro-5471 kernel: amdgpu 0000:01:00.0: GTT: 256M 0x0000000000000000 - 0x000000000FFFFFFF
Jan 31 16:02:09 kata-Vostro-5471 kernel: [drm] Detected VRAM RAM=2048M, BAR=256M
Jan 31 16:02:09 kata-Vostro-5471 kernel: [drm] RAM width 64bits GDDR5
Jan 31 16:02:09 kata-Vostro-5471 kernel: [TTM] Zone  kernel: Available graphics memory: 3902948 kiB
Jan 31 16:02:09 kata-Vostro-5471 kernel: [TTM] Zone   dma32: Available graphics memory: 2097152 kiB
Jan 31 16:02:09 kata-Vostro-5471 kernel: [TTM] Initializing pool allocator
Jan 31 16:02:09 kata-Vostro-5471 kernel: [TTM] Initializing DMA pool allocator
Jan 31 16:02:09 kata-Vostro-5471 kernel: [drm] amdgpu: 2048M of VRAM memory ready
Jan 31 16:02:09 kata-Vostro-5471 kernel: [drm] amdgpu: 3072M of GTT memory ready.
Jan 31 16:02:09 kata-Vostro-5471 kernel: [drm] GART: num cpu pages 65536, num gpu pages 65536
Jan 31 16:02:09 kata-Vostro-5471 kernel: [drm] PCIE GART of 256M enabled (table at 0x000000F400040000).
Jan 31 16:02:09 kata-Vostro-5471 kernel: amdgpu 0000:01:00.0: amdgpu: using MSI.
Jan 31 16:02:09 kata-Vostro-5471 kernel: [drm] Supports vblank timestamp caching Rev 2 (21.10.2013).
Jan 31 16:02:09 kata-Vostro-5471 kernel: [drm] Driver supports precise vblank timestamp query.
Jan 31 16:02:09 kata-Vostro-5471 kernel: [drm] amdgpu: irq initialized.
Jan 31 16:02:09 kata-Vostro-5471 kernel: amdgpu: [powerplay] amdgpu: powerplay sw initialized
Jan 31 16:02:09 kata-Vostro-5471 kernel: amdgpu 0000:01:00.0: fence driver on ring 0 use gpu addr 0x0000000000400080, cpu addr 0x        (ptrval)
Jan 31 16:02:09 kata-Vostro-5471 kernel: amdgpu 0000:01:00.0: fence driver on ring 1 use gpu addr 0x0000000000400100, cpu addr 0x        (ptrval)
Jan 31 16:02:09 kata-Vostro-5471 kernel: amdgpu 0000:01:00.0: fence driver on ring 2 use gpu addr 0x0000000000400180, cpu addr 0x        (ptrval)
Jan 31 16:02:09 kata-Vostro-5471 kernel: amdgpu 0000:01:00.0: fence driver on ring 3 use gpu addr 0x0000000000400200, cpu addr 0x        (ptrval)
Jan 31 16:02:09 kata-Vostro-5471 kernel: amdgpu 0000:01:00.0: fence driver on ring 4 use gpu addr 0x0000000000400280, cpu addr 0x        (ptrval)
Jan 31 16:02:09 kata-Vostro-5471 kernel: amdgpu 0000:01:00.0: fence driver on ring 5 use gpu addr 0x0000000000400300, cpu addr 0x        (ptrval)
Jan 31 16:02:09 kata-Vostro-5471 kernel: amdgpu 0000:01:00.0: fence driver on ring 6 use gpu addr 0x0000000000400380, cpu addr 0x        (ptrval)
Jan 31 16:02:09 kata-Vostro-5471 kernel: amdgpu 0000:01:00.0: fence driver on ring 7 use gpu addr 0x0000000000400400, cpu addr 0x        (ptrval)
Jan 31 16:02:09 kata-Vostro-5471 kernel: amdgpu 0000:01:00.0: fence driver on ring 8 use gpu addr 0x0000000000400480, cpu addr 0x        (ptrval)
Jan 31 16:02:09 kata-Vostro-5471 kernel: amdgpu 0000:01:00.0: fence driver on ring 9 use gpu addr 0x0000000000400520, cpu addr 0x        (ptrval)
Jan 31 16:02:09 kata-Vostro-5471 kernel: amdgpu 0000:01:00.0: fence driver on ring 10 use gpu addr 0x00000000004005a0, cpu addr 0x        (ptrval)
Jan 31 16:02:09 kata-Vostro-5471 kernel: amdgpu 0000:01:00.0: fence driver on ring 11 use gpu addr 0x0000000000400620, cpu addr 0x        (ptrval)
Jan 31 16:02:09 kata-Vostro-5471 kernel: <b>amdgpu: [powerplay] can&apos;t get the mac of 5</b>
Jan 31 16:02:09 kata-Vostro-5471 kernel: [drm] ring test on 0 succeeded in 18 usecs
Jan 31 16:02:09 kata-Vostro-5471 kernel: [drm] ring test on 9 succeeded in 8 usecs
Jan 31 16:02:09 kata-Vostro-5471 kernel: [drm] ring test on 1 succeeded in 2 usecs
Jan 31 16:02:09 kata-Vostro-5471 kernel: [drm] ring test on 2 succeeded in 21 usecs
Jan 31 16:02:09 kata-Vostro-5471 kernel: [drm] ring test on 3 succeeded in 10 usecs
Jan 31 16:02:09 kata-Vostro-5471 kernel: [drm] ring test on 4 succeeded in 10 usecs
Jan 31 16:02:09 kata-Vostro-5471 kernel: [drm] ring test on 5 succeeded in 11 usecs
Jan 31 16:02:09 kata-Vostro-5471 kernel: [drm] ring test on 6 succeeded in 10 usecs
Jan 31 16:02:09 kata-Vostro-5471 kernel: [drm] ring test on 7 succeeded in 11 usecs
Jan 31 16:02:09 kata-Vostro-5471 kernel: [drm] ring test on 8 succeeded in 11 usecs
Jan 31 16:02:09 kata-Vostro-5471 kernel: [drm] ring test on 10 succeeded in 6 usecs
Jan 31 16:02:09 kata-Vostro-5471 kernel: [drm] ring test on 11 succeeded in 6 usecs
Jan 31 16:02:09 kata-Vostro-5471 kernel: [drm] ib test on ring 0 succeeded
Jan 31 16:02:09 kata-Vostro-5471 kernel: [drm] ib test on ring 1 succeeded
Jan 31 16:02:09 kata-Vostro-5471 kernel: [drm] ib test on ring 2 succeeded
Jan 31 16:02:09 kata-Vostro-5471 kernel: [drm] ib test on ring 3 succeeded
Jan 31 16:02:09 kata-Vostro-5471 kernel: [drm] ib test on ring 4 succeeded
Jan 31 16:02:09 kata-Vostro-5471 kernel: [drm] ib test on ring 5 succeeded
Jan 31 16:02:09 kata-Vostro-5471 kernel: [drm] ib test on ring 6 succeeded
Jan 31 16:02:09 kata-Vostro-5471 kernel: [drm] ib test on ring 7 succeeded
Jan 31 16:02:09 kata-Vostro-5471 kernel: [drm] ib test on ring 8 succeeded
Jan 31 16:02:09 kata-Vostro-5471 kernel: [drm] ib test on ring 9 succeeded
Jan 31 16:02:09 kata-Vostro-5471 kernel: [drm] ib test on ring 10 succeeded
Jan 31 16:02:09 kata-Vostro-5471 kernel: [drm] ib test on ring 11 succeeded
Jan 31 16:02:09 kata-Vostro-5471 kernel: amdgpu 0000:01:00.0: kfd not supported on this ASIC
Jan 31 16:02:09 kata-Vostro-5471 kernel: [drm] Initialized amdgpu 3.23.0 20150101 for 0000:01:00.0 on minor 1
Jan 31 16:02:09 kata-Vostro-5471 kernel: [drm] Initialized i915 1.6.0 20171023 for 0000:00:02.0 on minor 0
Jan 31 16:02:09 kata-Vostro-5471 kernel: usb 1-5: New USB device found, idVendor=0c45, idProduct=6a06
Jan 31 16:02:09 kata-Vostro-5471 kernel: usb 1-5: New USB device strings: Mfr=2, Product=1, SerialNumber=0
Jan 31 16:02:09 kata-Vostro-5471 kernel: usb 1-5: Product: Integrated_Webcam_HD
Jan 31 16:02:09 kata-Vostro-5471 kernel: usb 1-5: Manufacturer: CNFFH37O052400139612
Jan 31 16:02:09 kata-Vostro-5471 kernel: ata1: SATA link down (SStatus 4 SControl 300)
Jan 31 16:02:09 kata-Vostro-5471 kernel: usb 1-7: new full-speed USB device number 4 using xhci_hcd
Jan 31 16:02:09 kata-Vostro-5471 kernel: clocksource: Switched to clocksource tsc
Jan 31 16:02:09 kata-Vostro-5471 kernel: ACPI: Video Device [GFX0] (multi-head: yes  rom: no  post: no)
Jan 31 16:02:09 kata-Vostro-5471 kernel: input: Video Bus as /devices/LNXSYSTM:00/LNXSYBUS:00/PNP0A08:00/LNXVIDEO:00/input/input7
Jan 31 16:02:09 kata-Vostro-5471 kernel: usb 1-7: New USB device found, idVendor=8087, idProduct=0a2a
Jan 31 16:02:09 kata-Vostro-5471 kernel: usb 1-7: New USB device strings: Mfr=0, Product=0, SerialNumber=0
Jan 31 16:02:09 kata-Vostro-5471 kernel: usbcore: registered new interface driver usbhid
Jan 31 16:02:09 kata-Vostro-5471 kernel: usbhid: USB HID core driver
Jan 31 16:02:09 kata-Vostro-5471 kernel: input: Logitech USB Receiver as /devices/pci0000:00/0000:00:14.0/usb1/1-1/1-1:1.0/0003:046D:C52F.0001/input/input8
Jan 31 16:02:09 kata-Vostro-5471 kernel: hid-generic 0003:046D:C52F.0001: input,hidraw0: USB HID v1.11 Mouse [Logitech USB Receiver] on usb-0000:00:14.0-1/input0
Jan 31 16:02:09 kata-Vostro-5471 kernel: input: Logitech USB Receiver as /devices/pci0000:00/0000:00:14.0/usb1/1-1/1-1:1.1/0003:046D:C52F.0002/input/input9
Jan 31 16:02:09 kata-Vostro-5471 kernel: hid-generic 0003:046D:C52F.0002: input,hiddev0,hidraw1: USB HID v1.11 Device [Logitech USB Receiver] on usb-0000:00:14.0-1/input1
Jan 31 16:02:09 kata-Vostro-5471 kernel: fbcon: inteldrmfb (fb0) is primary device
Jan 31 16:02:09 kata-Vostro-5471 kernel: Console: switching to colour frame buffer device 240x67
Jan 31 16:02:09 kata-Vostro-5471 kernel: i915 0000:00:02.0: fb0: inteldrmfb frame buffer device
Jan 31 16:02:09 kata-Vostro-5471 kernel: ata3: SATA link up 6.0 Gbps (SStatus 133 SControl 300)
Jan 31 16:02:09 kata-Vostro-5471 kernel: ata3.00: ATA-11: TOSHIBA KSG60ZMV256G M.2 2280 256GB, ABDA4102, max UDMA/100
Jan 31 16:02:09 kata-Vostro-5471 kernel: ata3.00: 500118192 sectors, multi 16: LBA48 NCQ (depth 31/32), AA
Jan 31 16:02:09 kata-Vostro-5471 kernel: ata3.00: configured for UDMA/100
Jan 31 16:02:09 kata-Vostro-5471 kernel: <b>scsi 2:0:0:0: Direct-Access     ATA      TOSHIBA KSG60ZMV 4102 PQ: 0 ANSI: 5</b>
Jan 31 16:02:09 kata-Vostro-5471 kernel: <b>sd 2:0:0:0: [sda] 500118192 512-byte logical blocks: (256 GB/238 GiB)</b>
Jan 31 16:02:09 kata-Vostro-5471 kernel: <b>sd 2:0:0:0: [sda] 4096-byte physical blocks</b>
Jan 31 16:02:09 kata-Vostro-5471 kernel: <b>sd 2:0:0:0: [sda] Write Protect is off</b>
Jan 31 16:02:09 kata-Vostro-5471 kernel: sd 2:0:0:0: [sda] Mode Sense: 00 3a 00 00
Jan 31 16:02:09 kata-Vostro-5471 kernel: <b>sd 2:0:0:0: [sda] Write cache: enabled, read cache: enabled, doesn&apos;t support DPO or FUA</b>
Jan 31 16:02:09 kata-Vostro-5471 kernel: <b>sd 2:0:0:0: Attached scsi generic sg0 type 0</b>
Jan 31 16:02:09 kata-Vostro-5471 kernel:  sda: sda1 sda2 sda3 sda4 &lt; sda5 &gt;
Jan 31 16:02:09 kata-Vostro-5471 kernel: <b>sd 2:0:0:0: [sda] Attached SCSI disk</b>
Jan 31 16:02:09 kata-Vostro-5471 kernel: psmouse serio1: synaptics: queried max coordinates: x [..5664], y [..4702]
Jan 31 16:02:09 kata-Vostro-5471 kernel: psmouse serio1: synaptics: queried min coordinates: x [1278..], y [1148..]
Jan 31 16:02:09 kata-Vostro-5471 kernel: psmouse serio1: synaptics: Your touchpad (PNP: DLL0830 PNP0f13) says it can support a different bus. If i2c-hid and hid-rmi are not used, you might want to try setting psmouse.synaptics_interto
Jan 31 16:02:09 kata-Vostro-5471 kernel: psmouse serio1: synaptics: Touchpad model: 1, fw: 8.2, id: 0x1e2a1, caps: 0xf00223/0x840300/0x12e800/0x0, board id: 3238, fw id: 2377238
Jan 31 16:02:09 kata-Vostro-5471 kernel: input: SynPS/2 Synaptics TouchPad as /devices/platform/i8042/serio1/input/input6
Jan 31 16:02:09 kata-Vostro-5471 kernel: [drm] RC6 on
Jan 31 16:02:09 kata-Vostro-5471 kernel: raid6: sse2x1   gen() 11988 MB/s
Jan 31 16:02:09 kata-Vostro-5471 kernel: raid6: sse2x1   xor()  8750 MB/s
Jan 31 16:02:09 kata-Vostro-5471 kernel: raid6: sse2x2   gen() 14803 MB/s
Jan 31 16:02:09 kata-Vostro-5471 kernel: raid6: sse2x2   xor() 10075 MB/s
Jan 31 16:02:09 kata-Vostro-5471 kernel: raid6: sse2x4   gen() 17223 MB/s
Jan 31 16:02:09 kata-Vostro-5471 kernel: raid6: sse2x4   xor() 10937 MB/s
Jan 31 16:02:09 kata-Vostro-5471 kernel: raid6: avx2x1   gen() 23920 MB/s
Jan 31 16:02:09 kata-Vostro-5471 kernel: raid6: avx2x1   xor() 16640 MB/s
Jan 31 16:02:09 kata-Vostro-5471 kernel: raid6: avx2x2   gen() 28940 MB/s
Jan 31 16:02:09 kata-Vostro-5471 kernel: raid6: avx2x2   xor() 18204 MB/s
Jan 31 16:02:09 kata-Vostro-5471 kernel: raid6: avx2x4   gen() 33298 MB/s
Jan 31 16:02:09 kata-Vostro-5471 kernel: raid6: avx2x4   xor() 19433 MB/s
Jan 31 16:02:09 kata-Vostro-5471 kernel: raid6: using algorithm avx2x4 gen() 33298 MB/s
Jan 31 16:02:09 kata-Vostro-5471 kernel: raid6: .... xor() 19433 MB/s, rmw enabled
Jan 31 16:02:09 kata-Vostro-5471 kernel: raid6: using avx2x2 recovery algorithm
Jan 31 16:02:09 kata-Vostro-5471 kernel: xor: automatically using best checksumming function   avx       
Jan 31 16:02:09 kata-Vostro-5471 kernel: Btrfs loaded, crc32c=crc32c-intel
Jan 31 16:02:09 kata-Vostro-5471 kernel: <b>amdgpu: [powerplay] VI should always have 2 performance levels</b>
Jan 31 16:02:09 kata-Vostro-5471 kernel: amdgpu 0000:01:00.0: GPU pci config reset
Jan 31 16:02:09 kata-Vostro-5471 kernel: EXT4-fs (sda1): mounted filesystem with ordered data mode. Opts: (null)
Jan 31 16:02:09 kata-Vostro-5471 kernel: ip_tables: (C) 2000-2006 Netfilter Core Team
Jan 31 16:02:09 kata-Vostro-5471 systemd[1]: systemd 237 running in system mode. (+PAM +AUDIT +SELINUX +IMA +APPARMOR +SMACK +SYSVINIT +UTMP +LIBCRYPTSETUP +GCRYPT +GNUTLS +ACL +XZ +LZ4 +SECCOMP +BLKID +ELFUTILS +KMOD -IDN2 +IDN -PCRE
Jan 31 16:02:09 kata-Vostro-5471 systemd[1]: Detected architecture x86-64.
Jan 31 16:02:09 kata-Vostro-5471 systemd[1]: Set hostname to &lt;kata-Vostro-5471&gt;.
Jan 31 16:02:09 kata-Vostro-5471 systemd[1]: Reached target User and Group Name Lookups.
Jan 31 16:02:09 kata-Vostro-5471 systemd[1]: Set up automount Arbitrary Executable File Formats File System Automount Point.
Jan 31 16:02:09 kata-Vostro-5471 systemd[1]: Started Forward Password Requests to Wall Directory Watch.
Jan 31 16:02:09 kata-Vostro-5471 systemd[1]: Reached target Remote File Systems.
Jan 31 16:02:09 kata-Vostro-5471 systemd[1]: Created slice User and Session Slice.
Jan 31 16:02:09 kata-Vostro-5471 systemd[1]: Created slice System Slice.
Jan 31 16:02:09 kata-Vostro-5471 systemd[1]: Listening on Syslog Socket.
Jan 31 16:02:09 kata-Vostro-5471 kernel: EXT4-fs (sda1): re-mounted. Opts: errors=remount-ro
Jan 31 16:02:09 kata-Vostro-5471 kernel: lp: driver loaded but no devices found
Jan 31 16:02:09 kata-Vostro-5471 kernel: ppdev: user-space parallel port driver
Jan 31 16:02:09 kata-Vostro-5471 systemd-journald[428]: Journal started
-- Subject: The journal has been started
-- Defined-By: systemd
-- Support: http://www.ubuntu.com/support
-- 
-- The system journal process has started up, opened the journal
-- files for writing and is now ready to process requests.
Jan 31 16:02:09 kata-Vostro-5471 systemd-journald[428]: Runtime journal (/run/log/journal/4095cb9d62054733b651d895c996ea84) is 8.0M, max 76.2M, 68.2M free.
-- Subject: Disk space used by the journal
-- Defined-By: systemd
-- Support: http://www.ubuntu.com/support
-- 
-- Runtime journal (/run/log/journal/4095cb9d62054733b651d895c996ea84) is currently using 8.0M.
-- Maximum allowed usage is set to 76.2M.
-- Leaving at least 114.3M free (of currently available 754.0M of disk space).
-- Enforced usage limit is thus 76.2M, of which 68.2M are still available.
-- 
-- The limits controlling how much disk space is used by the journal may
-- be configured with SystemMaxUse=, SystemKeepFree=, SystemMaxFileSize=,
-- RuntimeMaxUse=, RuntimeKeepFree=, RuntimeMaxFileSize= settings in
-- /etc/systemd/journald.conf. See journald.conf(5) for details.
Jan 31 16:02:09 kata-Vostro-5471 systemd-modules-load[427]: Inserted module &apos;lp&apos;
Jan 31 16:02:09 kata-Vostro-5471 systemd-modules-load[427]: Inserted module &apos;ppdev&apos;
Jan 31 16:02:09 kata-Vostro-5471 systemd-modules-load[427]: Inserted module &apos;parport_pc&apos;
Jan 31 16:02:09 kata-Vostro-5471 systemd[1]: Starting Flush Journal to Persistent Storage...
-- Subject: Unit systemd-journal-flush.service has begun start-up
-- Defined-By: systemd
-- Support: http://www.ubuntu.com/support
-- 
-- Unit systemd-journal-flush.service has begun starting up.
Jan 31 16:02:09 kata-Vostro-5471 systemd-journald[428]: Time spent on flushing to /var is 64.783ms for 842 entries.
Jan 31 16:02:09 kata-Vostro-5471 systemd-journald[428]: System journal (/var/log/journal/4095cb9d62054733b651d895c996ea84) is 1.0G, max 3.6G, 2.5G free.
-- Subject: Disk space used by the journal
-- Defined-By: systemd
-- Support: http://www.ubuntu.com/support
-- 
-- System journal (/var/log/journal/4095cb9d62054733b651d895c996ea84) is currently using 1.0G.
-- Maximum allowed usage is set to 3.6G.
-- Leaving at least 4.0G free (of currently available 16.1G of disk space).
-- Enforced usage limit is thus 3.6G, of which 2.5G are still available.
-- 
-- The limits controlling how much disk space is used by the journal may
-- be configured with SystemMaxUse=, SystemKeepFree=, SystemMaxFileSize=,
-- RuntimeMaxUse=, RuntimeKeepFree=, RuntimeMaxFileSize= settings in
-- /etc/systemd/journald.conf. See journald.conf(5) for details.
Jan 31 16:02:09 kata-Vostro-5471 kernel: <b>random: crng init done</b>
Jan 31 16:02:09 kata-Vostro-5471 kernel: <b>random: 7 urandom warning(s) missed due to ratelimiting</b>
Jan 31 16:02:09 kata-Vostro-5471 kernel: Adding 8388604k swap on /var/8G.swapfile.  Priority:-2 extents:16 across:11075580k SSFS
Jan 31 16:02:09 kata-Vostro-5471 mtp-probe[544]: checking bus 1, device 3: &quot;/sys/devices/pci0000:00/0000:00:14.0/usb1/1-5&quot;
Jan 31 16:02:09 kata-Vostro-5471 kernel: media: Linux media interface: v0.10
Jan 31 16:02:09 kata-Vostro-5471 kernel: Bluetooth: Core ver 2.22
Jan 31 16:02:09 kata-Vostro-5471 kernel: NET: Registered protocol family 31
Jan 31 16:02:09 kata-Vostro-5471 kernel: Bluetooth: HCI device and connection manager initialized
Jan 31 16:02:09 kata-Vostro-5471 kernel: Bluetooth: HCI socket layer initialized
Jan 31 16:02:09 kata-Vostro-5471 kernel: Bluetooth: L2CAP socket layer initialized
Jan 31 16:02:09 kata-Vostro-5471 kernel: Bluetooth: SCO socket layer initialized
Jan 31 16:02:09 kata-Vostro-5471 systemd[1]: Started Monitoring of LVM2 mirrors, snapshots etc. using dmeventd or progress polling.
-- Subject: Unit lvm2-monitor.service has finished start-up
-- Defined-By: systemd
-- Support: http://www.ubuntu.com/support
-- 
-- Unit lvm2-monitor.service has finished starting up.
-- 
-- The start-up result is RESULT.
Jan 31 16:02:09 kata-Vostro-5471 mtp-probe[543]: checking bus 1, device 2: &quot;/sys/devices/pci0000:00/0000:00:14.0/usb1/1-1&quot;
Jan 31 16:02:09 kata-Vostro-5471 systemd[1]: Started Set the console keyboard layout.
-- Subject: Unit keyboard-setup.service has finished start-up
-- Defined-By: systemd
-- Support: http://www.ubuntu.com/support
-- 
-- Unit keyboard-setup.service has finished starting up.
-- 
-- The start-up result is RESULT.
Jan 31 16:02:09 kata-Vostro-5471 mtp-probe[544]: bus: 1, device: 3 was not an MTP device
Jan 31 16:02:09 kata-Vostro-5471 systemd[1]: Reached target Local File Systems (Pre).
-- Subject: Unit local-fs-pre.target has finished start-up
-- Defined-By: systemd
-- Support: http://www.ubuntu.com/support
-- 
-- Unit local-fs-pre.target has finished starting up.
-- 
-- The start-up result is RESULT.
Jan 31 16:02:09 kata-Vostro-5471 mtp-probe[543]: bus: 1, device: 2 was not an MTP device
Jan 31 16:02:09 kata-Vostro-5471 systemd[1]: Started udev Kernel Device Manager.
-- Subject: Unit systemd-udevd.service has finished start-up
-- Defined-By: systemd
-- Support: http://www.ubuntu.com/support
-- 
-- Unit systemd-udevd.service has finished starting up.
-- 
-- The start-up result is RESULT.
Jan 31 16:02:09 kata-Vostro-5471 systemd[1]: Started udev Coldplug all Devices.
-- Subject: Unit systemd-udev-trigger.service has finished start-up
-- Defined-By: systemd
-- Support: http://www.ubuntu.com/support
-- 
-- Unit systemd-udev-trigger.service has finished starting up.
-- 
-- The start-up result is RESULT.
Jan 31 16:02:09 kata-Vostro-5471 systemd[1]: Starting Show Plymouth Boot Screen...
-- Subject: Unit plymouth-start.service has begun start-up
-- Defined-By: systemd
-- Support: http://www.ubuntu.com/support
-- 
-- Unit plymouth-start.service has begun starting up.
Jan 31 16:02:09 kata-Vostro-5471 systemd[1]: Started Show Plymouth Boot Screen.
-- Subject: Unit plymouth-start.service has finished start-up
-- Defined-By: systemd
-- Support: http://www.ubuntu.com/support
-- 
-- Unit plymouth-start.service has finished starting up.
-- 
-- The start-up result is RESULT.
Jan 31 16:02:09 kata-Vostro-5471 systemd[1]: Started Forward Password Requests to Plymouth Directory Watch.
-- Subject: Unit systemd-ask-password-plymouth.path has finished start-up
-- Defined-By: systemd
-- Support: http://www.ubuntu.com/support
-- 
-- Unit systemd-ask-password-plymouth.path has finished starting up.
-- 
-- The start-up result is RESULT.
Jan 31 16:02:09 kata-Vostro-5471 systemd[1]: Reached target Local Encrypted Volumes.
-- Subject: Unit cryptsetup.target has finished start-up
-- Defined-By: systemd
-- Support: http://www.ubuntu.com/support
-- 
-- Unit cryptsetup.target has finished starting up.
-- 
-- The start-up result is RESULT.
Jan 31 16:02:09 kata-Vostro-5471 systemd[1]: Created slice system-systemd\x2dbacklight.slice.
-- Subject: Unit system-systemd\x2dbacklight.slice has finished start-up
-- Defined-By: systemd
-- Support: http://www.ubuntu.com/support
-- 
-- Unit system-systemd\x2dbacklight.slice has finished starting up.
-- 
-- The start-up result is RESULT.
Jan 31 16:02:09 kata-Vostro-5471 systemd[1]: Starting Load/Save Screen Backlight Brightness of backlight:intel_backlight...
-- Subject: Unit systemd-backlight@backlight:intel_backlight.service has begun start-up
-- Defined-By: systemd
-- Support: http://www.ubuntu.com/support
-- 
-- Unit systemd-backlight@backlight:intel_backlight.service has begun starting up.
Jan 31 16:02:09 kata-Vostro-5471 systemd[1]: Started Load/Save Screen Backlight Brightness of backlight:intel_backlight.
-- Subject: Unit systemd-backlight@backlight:intel_backlight.service has finished start-up
-- Defined-By: systemd
-- Support: http://www.ubuntu.com/support
-- 
-- Unit systemd-backlight@backlight:intel_backlight.service has finished starting up.
-- 
-- The start-up result is RESULT.
Jan 31 16:02:09 kata-Vostro-5471 systemd[1]: Activated swap /var/8G.swapfile.
-- Subject: Unit var-8G.swapfile.swap has finished start-up
-- Defined-By: systemd
-- Support: http://www.ubuntu.com/support
-- 
-- Unit var-8G.swapfile.swap has finished starting up.
-- 
-- The start-up result is RESULT.
Jan 31 16:02:09 kata-Vostro-5471 systemd[1]: Reached target Swap.
-- Subject: Unit swap.target has finished start-up
-- Defined-By: systemd
-- Support: http://www.ubuntu.com/support
-- 
-- Unit swap.target has finished starting up.
-- 
-- The start-up result is RESULT.
Jan 31 16:02:09 kata-Vostro-5471 systemd[1]: Started Flush Journal to Persistent Storage.
-- Subject: Unit systemd-journal-flush.service has finished start-up
-- Defined-By: systemd
-- Support: http://www.ubuntu.com/support
-- 
-- Unit systemd-journal-flush.service has finished starting up.
-- 
-- The start-up result is RESULT.
Jan 31 16:02:09 kata-Vostro-5471 kernel: <b>ACPI Warning: \_SB.IETM._TRT: Return Package has no elements (empty) (20170831/nsprepkg-130)</b>
Jan 31 16:02:09 kata-Vostro-5471 kernel: input: Intel HID events as /devices/platform/INT33D5:00/input/input10
Jan 31 16:02:09 kata-Vostro-5471 kernel: Linux video capture interface: v2.00
Jan 31 16:02:09 kata-Vostro-5471 kernel: usbcore: registered new interface driver btusb
Jan 31 16:02:09 kata-Vostro-5471 systemd[1]: Found device TOSHIBA_KSG60ZMV256G_M.2_2280_256GB 2.
-- Subject: Unit dev-disk-by\x2duuid-a2984ef8\x2d6b44\x2d4eb7\x2dbdaa\x2d4172fc59166a.device has finished start-up
-- Defined-By: systemd
-- Support: http://www.ubuntu.com/support
-- 
-- Unit dev-disk-by\x2duuid-a2984ef8\x2d6b44\x2d4eb7\x2dbdaa\x2d4172fc59166a.device has finished starting up.
-- 
-- The start-up result is RESULT.
Jan 31 16:02:09 kata-Vostro-5471 kernel: uvcvideo: Found UVC 1.00 device Integrated_Webcam_HD (0c45:6a06)
Jan 31 16:02:09 kata-Vostro-5471 systemd[1]: Starting File System Check on /dev/disk/by-uuid/a2984ef8-6b44-4eb7-bdaa-4172fc59166a...
-- Subject: Unit systemd-fsck@dev-disk-by\x2duuid-a2984ef8\x2d6b44\x2d4eb7\x2dbdaa\x2d4172fc59166a.service has begun start-up
-- Defined-By: systemd
-- Support: http://www.ubuntu.com/support
-- 
-- Unit systemd-fsck@dev-disk-by\x2duuid-a2984ef8\x2d6b44\x2d4eb7\x2dbdaa\x2d4172fc59166a.service has begun starting up.
Jan 31 16:02:09 kata-Vostro-5471 kernel: <b>uvcvideo 1-5:1.0: Entity type for entity Extension 4 was not initialized!</b>
Jan 31 16:02:09 kata-Vostro-5471 kernel: <b>uvcvideo 1-5:1.0: Entity type for entity Extension 3 was not initialized!</b>
Jan 31 16:02:09 kata-Vostro-5471 kernel: <b>uvcvideo 1-5:1.0: Entity type for entity Processing 2 was not initialized!</b>
Jan 31 16:02:09 kata-Vostro-5471 kernel: <b>uvcvideo 1-5:1.0: Entity type for entity Camera 1 was not initialized!</b>
Jan 31 16:02:09 kata-Vostro-5471 kernel: input: Integrated_Webcam_HD: Integrate as /devices/pci0000:00/0000:00:14.0/usb1/1-5/1-5:1.0/input/input11
Jan 31 16:02:09 kata-Vostro-5471 kernel: usbcore: registered new interface driver uvcvideo
Jan 31 16:02:09 kata-Vostro-5471 kernel: USB Video Class driver (1.1.1)
Jan 31 16:02:09 kata-Vostro-5471 kernel: Bluetooth: hci0: read Intel version: 370810011003110e25
Jan 31 16:02:09 kata-Vostro-5471 kernel: Bluetooth: hci0: Intel device is already patched. patch num: 25
Jan 31 16:02:09 kata-Vostro-5471 systemd[1]: Started File System Check Daemon to report status.
-- Subject: Unit systemd-fsckd.service has finished start-up
-- Defined-By: systemd
-- Support: http://www.ubuntu.com/support
-- 
-- Unit systemd-fsckd.service has finished starting up.
-- 
-- The start-up result is RESULT.
Jan 31 16:02:09 kata-Vostro-5471 kernel: intel-hid INT33D5:00: platform supports 5 button array
Jan 31 16:02:09 kata-Vostro-5471 kernel: input: Intel HID 5 button array as /devices/platform/INT33D5:00/input/input12
Jan 31 16:02:09 kata-Vostro-5471 kernel: nf_conntrack version 0.5.0 (65536 buckets, 262144 max)
Jan 31 16:02:09 kata-Vostro-5471 kernel: dcdbas dcdbas: Dell Systems Management Base Driver (version 5.6.0-3.2)
Jan 31 16:02:09 kata-Vostro-5471 kernel: input: Dell WMI hotkeys as /devices/platform/PNP0C14:00/wmi_bus/wmi_bus-PNP0C14:00/9DBB5994-A997-11DA-B012-B622A1EF5492/input/input13
Jan 31 16:02:09 kata-Vostro-5471 kernel: RAPL PMU: API unit is 2^-32 Joules, 5 fixed counters, 655360 ms ovfl timer
Jan 31 16:02:09 kata-Vostro-5471 kernel: RAPL PMU: hw unit of domain pp0-core 2^-14 Joules
Jan 31 16:02:09 kata-Vostro-5471 kernel: RAPL PMU: hw unit of domain package 2^-14 Joules
Jan 31 16:02:09 kata-Vostro-5471 kernel: RAPL PMU: hw unit of domain dram 2^-14 Joules
Jan 31 16:02:09 kata-Vostro-5471 kernel: RAPL PMU: hw unit of domain pp1-gpu 2^-14 Joules
Jan 31 16:02:09 kata-Vostro-5471 kernel: RAPL PMU: hw unit of domain psys 2^-14 Joules
Jan 31 16:02:09 kata-Vostro-5471 systemd-fsck[574]: /dev/sda2: clean, 41756/3276800 files, 10622164/13107200 blocks
Jan 31 16:02:09 kata-Vostro-5471 kernel: ip6_tables: (C) 2000-2006 Netfilter Core Team
Jan 31 16:02:09 kata-Vostro-5471 systemd[1]: Started File System Check on /dev/disk/by-uuid/a2984ef8-6b44-4eb7-bdaa-4172fc59166a.
-- Subject: Unit systemd-fsck@dev-disk-by\x2duuid-a2984ef8\x2d6b44\x2d4eb7\x2dbdaa\x2d4172fc59166a.service has finished start-up
-- Defined-By: systemd
-- Support: http://www.ubuntu.com/support
-- 
-- Unit systemd-fsck@dev-disk-by\x2duuid-a2984ef8\x2d6b44\x2d4eb7\x2dbdaa\x2d4172fc59166a.service has finished starting up.
-- 
-- The start-up result is RESULT.
Jan 31 16:02:09 kata-Vostro-5471 systemd[1]: Mounting /home...
-- Subject: Unit home.mount has begun start-up
-- Defined-By: systemd
-- Support: http://www.ubuntu.com/support
-- 
-- Unit home.mount has begun starting up.
Jan 31 16:02:09 kata-Vostro-5471 kernel: AVX2 version of gcm_enc/dec engaged.
Jan 31 16:02:09 kata-Vostro-5471 kernel: AES CTR mode by8 optimization enabled
Jan 31 16:02:09 kata-Vostro-5471 kernel: EXT4-fs (sda2): mounted filesystem with ordered data mode. Opts: (null)
Jan 31 16:02:09 kata-Vostro-5471 systemd[1]: Mounted /home.
-- Subject: Unit home.mount has finished start-up
-- Defined-By: systemd
-- Support: http://www.ubuntu.com/support
-- 
-- Unit home.mount has finished starting up.
-- 
-- The start-up result is RESULT.
Jan 31 16:02:09 kata-Vostro-5471 systemd[1]: Reached target Local File Systems.
-- Subject: Unit local-fs.target has finished start-up
-- Defined-By: systemd
-- Support: http://www.ubuntu.com/support
-- 
-- Unit local-fs.target has finished starting up.
-- 
-- The start-up result is RESULT.
Jan 31 16:02:09 kata-Vostro-5471 systemd[1]: Starting Tell Plymouth To Write Out Runtime Data...
-- Subject: Unit plymouth-read-write.service has begun start-up
-- Defined-By: systemd
-- Support: http://www.ubuntu.com/support
-- 
-- Unit plymouth-read-write.service has begun starting up.
Jan 31 16:02:09 kata-Vostro-5471 systemd[1]: Starting Set console font and keymap...
-- Subject: Unit console-setup.service has begun start-up
-- Defined-By: systemd
-- Support: http://www.ubuntu.com/support
-- 
-- Unit console-setup.service has begun starting up.
Jan 31 16:02:09 kata-Vostro-5471 systemd[1]: Starting AppArmor initialization...
-- Subject: Unit apparmor.service has begun start-up
-- Defined-By: systemd
-- Support: http://www.ubuntu.com/support
-- 
-- Unit apparmor.service has begun starting up.
Jan 31 16:02:09 kata-Vostro-5471 systemd[1]: Starting Create Volatile Files and Directories...
-- Subject: Unit systemd-tmpfiles-setup.service has begun start-up
-- Defined-By: systemd
-- Support: http://www.ubuntu.com/support
-- 
-- Unit systemd-tmpfiles-setup.service has begun starting up.
Jan 31 16:02:09 kata-Vostro-5471 systemd[1]: Starting Clean up any mess left by 0dns-up...
-- Subject: Unit dns-clean.service has begun start-up
-- Defined-By: systemd
-- Support: http://www.ubuntu.com/support
-- 
-- Unit dns-clean.service has begun starting up.
Jan 31 16:02:09 kata-Vostro-5471 kernel: <b>(NULL device *): hwmon_device_register() is deprecated. Please convert the driver to use hwmon_device_register_with_info().</b>
Jan 31 16:02:09 kata-Vostro-5471 kernel: intel-lpss 0000:00:15.0: enabling device (0000 -&gt; 0002)
Jan 31 16:02:09 kata-Vostro-5471 systemd[1]: Started Set console font and keymap.
-- Subject: Unit console-setup.service has finished start-up
-- Defined-By: systemd
-- Support: http://www.ubuntu.com/support
-- 
-- Unit console-setup.service has finished starting up.
-- 
-- The start-up result is RESULT.
Jan 31 16:02:09 kata-Vostro-5471 systemd-udevd[501]: link_config: autonegotiation is unset or enabled, the speed and duplex are not writable.
Jan 31 16:02:09 kata-Vostro-5471 systemd[1]: Listening on Load/Save RF Kill Switch Status /dev/rfkill Watch.
-- Subject: Unit systemd-rfkill.socket has finished start-up
-- Defined-By: systemd
-- Support: http://www.ubuntu.com/support
-- 
-- Unit systemd-rfkill.socket has finished starting up.
-- 
-- The start-up result is RESULT.
Jan 31 16:02:09 kata-Vostro-5471 systemd[1]: Started Tell Plymouth To Write Out Runtime Data.
-- Subject: Unit plymouth-read-write.service has finished start-up
-- Defined-By: systemd
-- Support: http://www.ubuntu.com/support
-- 
-- Unit plymouth-read-write.service has finished starting up.
-- 
-- The start-up result is RESULT.
Jan 31 16:02:09 kata-Vostro-5471 systemd[1]: Starting Load/Save RF Kill Switch Status...
-- Subject: Unit systemd-rfkill.service has begun start-up
-- Defined-By: systemd
-- Support: http://www.ubuntu.com/support
-- 
-- Unit systemd-rfkill.service has begun starting up.
Jan 31 16:02:09 kata-Vostro-5471 apparmor[624]:  * Starting AppArmor profiles
Jan 31 16:02:09 kata-Vostro-5471 kernel: idma64 idma64.0: Found Intel integrated DMA 64-bit
Jan 31 16:02:09 kata-Vostro-5471 systemd[1]: Started Clean up any mess left by 0dns-up.
-- Subject: Unit dns-clean.service has finished start-up
-- Defined-By: systemd
-- Support: http://www.ubuntu.com/support
-- 
-- Unit dns-clean.service has finished starting up.
-- 
-- The start-up result is RESULT.
Jan 31 16:02:09 kata-Vostro-5471 systemd[1]: Started Create Volatile Files and Directories.
-- Subject: Unit systemd-tmpfiles-setup.service has finished start-up
-- Defined-By: systemd
-- Support: http://www.ubuntu.com/support
-- 
-- Unit systemd-tmpfiles-setup.service has finished starting up.
-- 
-- The start-up result is RESULT.
Jan 31 16:02:09 kata-Vostro-5471 kernel: intel_rapl: Found RAPL domain package
Jan 31 16:02:09 kata-Vostro-5471 kernel: intel_rapl: Found RAPL domain core
Jan 31 16:02:09 kata-Vostro-5471 kernel: intel_rapl: Found RAPL domain uncore
Jan 31 16:02:09 kata-Vostro-5471 kernel: intel_rapl: Found RAPL domain dram
Jan 31 16:02:09 kata-Vostro-5471 systemd[1]: Starting Network Name Resolution...
-- Subject: Unit systemd-resolved.service has begun start-up
-- Defined-By: systemd
-- Support: http://www.ubuntu.com/support
-- 
-- Unit systemd-resolved.service has begun starting up.
Jan 31 16:02:09 kata-Vostro-5471 systemd[1]: Starting Network Time Synchronization...
-- Subject: Unit systemd-timesyncd.service has begun start-up
-- Defined-By: systemd
-- Support: http://www.ubuntu.com/support
-- 
-- Unit systemd-timesyncd.service has begun starting up.
Jan 31 16:02:09 kata-Vostro-5471 systemd[1]: Starting Update UTMP about System Boot/Shutdown...
-- Subject: Unit systemd-update-utmp.service has begun start-up
-- Defined-By: systemd
-- Support: http://www.ubuntu.com/support
-- 
-- Unit systemd-update-utmp.service has begun starting up.
Jan 31 16:02:09 kata-Vostro-5471 systemd[1]: Started Update UTMP about System Boot/Shutdown.
-- Subject: Unit systemd-update-utmp.service has finished start-up
-- Defined-By: systemd
-- Support: http://www.ubuntu.com/support
-- 
-- Unit systemd-update-utmp.service has finished starting up.
-- 
-- The start-up result is RESULT.
Jan 31 16:02:09 kata-Vostro-5471 systemd[1]: Starting Show Plymouth Boot Screen...
-- Subject: Unit plymouth-start.service has begun start-up
-- Defined-By: systemd
-- Support: http://www.ubuntu.com/support
-- 
-- Unit plymouth-start.service has begun starting up.
Jan 31 16:02:09 kata-Vostro-5471 systemd[1]: Starting Tell Plymouth To Write Out Runtime Data...
-- Subject: Unit plymouth-read-write.service has begun start-up
-- Defined-By: systemd
-- Support: http://www.ubuntu.com/support
-- 
